Archive member included to satisfy reference by file (symbol)

d:/stm32/plugins/fr.ac6.mcu.externaltools.arm-none.win32_1.17.0.201812190825/tools/compiler/bin/../lib/gcc/arm-none-eabi/7.3.1/thumb/v6-m\libgcc.a(_udivsi3.o)
                              Drivers/STM32L0xx_HAL_Driver/Src/stm32l0xx_hal.o (__aeabi_uidiv)
d:/stm32/plugins/fr.ac6.mcu.externaltools.arm-none.win32_1.17.0.201812190825/tools/compiler/bin/../lib/gcc/arm-none-eabi/7.3.1/thumb/v6-m\libgcc.a(_dvmd_tls.o)
                              d:/stm32/plugins/fr.ac6.mcu.externaltools.arm-none.win32_1.17.0.201812190825/tools/compiler/bin/../lib/gcc/arm-none-eabi/7.3.1/thumb/v6-m\libgcc.a(_udivsi3.o) (__aeabi_idiv0)
d:/stm32/plugins/fr.ac6.mcu.externaltools.arm-none.win32_1.17.0.201812190825/tools/compiler/bin/../lib/gcc/arm-none-eabi/7.3.1/thumb/v6-m\libgcc.a(_aeabi_uldivmod.o)
                              Drivers/STM32L0xx_HAL_Driver/Src/stm32l0xx_hal_uart.o (__aeabi_uldivmod)
d:/stm32/plugins/fr.ac6.mcu.externaltools.arm-none.win32_1.17.0.201812190825/tools/compiler/bin/../lib/gcc/arm-none-eabi/7.3.1/thumb/v6-m\libgcc.a(_udivmoddi4.o)
                              d:/stm32/plugins/fr.ac6.mcu.externaltools.arm-none.win32_1.17.0.201812190825/tools/compiler/bin/../lib/gcc/arm-none-eabi/7.3.1/thumb/v6-m\libgcc.a(_aeabi_uldivmod.o) (__udivmoddi4)
d:/stm32/plugins/fr.ac6.mcu.externaltools.arm-none.win32_1.17.0.201812190825/tools/compiler/bin/../lib/gcc/arm-none-eabi/7.3.1/thumb/v6-m\libgcc.a(_clzdi2.o)
                              d:/stm32/plugins/fr.ac6.mcu.externaltools.arm-none.win32_1.17.0.201812190825/tools/compiler/bin/../lib/gcc/arm-none-eabi/7.3.1/thumb/v6-m\libgcc.a(_udivmoddi4.o) (__clzdi2)
d:/stm32/plugins/fr.ac6.mcu.externaltools.arm-none.win32_1.17.0.201812190825/tools/compiler/bin/../lib/gcc/arm-none-eabi/7.3.1/thumb/v6-m\libgcc.a(_clzsi2.o)
                              d:/stm32/plugins/fr.ac6.mcu.externaltools.arm-none.win32_1.17.0.201812190825/tools/compiler/bin/../lib/gcc/arm-none-eabi/7.3.1/thumb/v6-m\libgcc.a(_clzdi2.o) (__clzsi2)
d:/stm32/plugins/fr.ac6.mcu.externaltools.arm-none.win32_1.17.0.201812190825/tools/compiler/bin/../lib/gcc/arm-none-eabi/7.3.1/../../../../arm-none-eabi/lib/thumb/v6-m\libc_nano.a(lib_a-errno.o)
                              Src/syscalls.o (__errno)
d:/stm32/plugins/fr.ac6.mcu.externaltools.arm-none.win32_1.17.0.201812190825/tools/compiler/bin/../lib/gcc/arm-none-eabi/7.3.1/../../../../arm-none-eabi/lib/thumb/v6-m\libc_nano.a(lib_a-exit.o)
                              d:/stm32/plugins/fr.ac6.mcu.externaltools.arm-none.win32_1.17.0.201812190825/tools/compiler/bin/../lib/gcc/arm-none-eabi/7.3.1/../../../../arm-none-eabi/lib/thumb/v6-m/crt0.o (exit)
d:/stm32/plugins/fr.ac6.mcu.externaltools.arm-none.win32_1.17.0.201812190825/tools/compiler/bin/../lib/gcc/arm-none-eabi/7.3.1/../../../../arm-none-eabi/lib/thumb/v6-m\libc_nano.a(lib_a-impure.o)
                              d:/stm32/plugins/fr.ac6.mcu.externaltools.arm-none.win32_1.17.0.201812190825/tools/compiler/bin/../lib/gcc/arm-none-eabi/7.3.1/../../../../arm-none-eabi/lib/thumb/v6-m\libc_nano.a(lib_a-exit.o) (_global_impure_ptr)
d:/stm32/plugins/fr.ac6.mcu.externaltools.arm-none.win32_1.17.0.201812190825/tools/compiler/bin/../lib/gcc/arm-none-eabi/7.3.1/../../../../arm-none-eabi/lib/thumb/v6-m\libc_nano.a(lib_a-init.o)
                              d:/stm32/plugins/fr.ac6.mcu.externaltools.arm-none.win32_1.17.0.201812190825/tools/compiler/bin/../lib/gcc/arm-none-eabi/7.3.1/../../../../arm-none-eabi/lib/thumb/v6-m/crt0.o (__libc_init_array)
d:/stm32/plugins/fr.ac6.mcu.externaltools.arm-none.win32_1.17.0.201812190825/tools/compiler/bin/../lib/gcc/arm-none-eabi/7.3.1/../../../../arm-none-eabi/lib/thumb/v6-m\libc_nano.a(lib_a-memcpy-stub.o)
                              Src/RH_RF95.o (memcpy)
d:/stm32/plugins/fr.ac6.mcu.externaltools.arm-none.win32_1.17.0.201812190825/tools/compiler/bin/../lib/gcc/arm-none-eabi/7.3.1/../../../../arm-none-eabi/lib/thumb/v6-m\libc_nano.a(lib_a-memset.o)
                              d:/stm32/plugins/fr.ac6.mcu.externaltools.arm-none.win32_1.17.0.201812190825/tools/compiler/bin/../lib/gcc/arm-none-eabi/7.3.1/../../../../arm-none-eabi/lib/thumb/v6-m/crt0.o (memset)
d:/stm32/plugins/fr.ac6.mcu.externaltools.arm-none.win32_1.17.0.201812190825/tools/compiler/bin/../lib/gcc/arm-none-eabi/7.3.1/../../../../arm-none-eabi/lib/thumb/v6-m\libc_nano.a(lib_a-strlen.o)
                              Src/RH_RF95.o (strlen)

Allocating common symbols
Common symbol       size              file

hspi2               0x58              Src/main.o
hi2c1               0x4c              Src/main.o
uwTick              0x4               Drivers/STM32L0xx_HAL_Driver/Src/stm32l0xx_hal.o
pFlash              0x18              Drivers/STM32L0xx_HAL_Driver/Src/stm32l0xx_hal_flash.o
huart1              0x80              Src/main.o
hspi1               0x58              Src/main.o
htsc                0x44              Src/main.o

Discarded input sections

[...]
Memory Configuration

Name             Origin             Length             Attributes
RAM              0x20000000         0x00002000         xrw
FLASH            0x08000000         0x00010000         xr
*default*        0x00000000         0xffffffff

Linker script and memory map

LOAD d:/stm32/plugins/fr.ac6.mcu.externaltools.arm-none.win32_1.17.0.201812190825/tools/compiler/bin/../lib/gcc/arm-none-eabi/7.3.1/thumb/v6-m/crti.o
LOAD d:/stm32/plugins/fr.ac6.mcu.externaltools.arm-none.win32_1.17.0.201812190825/tools/compiler/bin/../lib/gcc/arm-none-eabi/7.3.1/thumb/v6-m/crtbegin.o
LOAD d:/stm32/plugins/fr.ac6.mcu.externaltools.arm-none.win32_1.17.0.201812190825/tools/compiler/bin/../lib/gcc/arm-none-eabi/7.3.1/../../../../arm-none-eabi/lib/thumb/v6-m/crt0.o
LOAD Drivers/STM32L0xx_HAL_Driver/Src/stm32l0xx_hal.o
LOAD Drivers/STM32L0xx_HAL_Driver/Src/stm32l0xx_hal_cortex.o
LOAD Drivers/STM32L0xx_HAL_Driver/Src/stm32l0xx_hal_dma.o
LOAD Drivers/STM32L0xx_HAL_Driver/Src/stm32l0xx_hal_flash.o
LOAD Drivers/STM32L0xx_HAL_Driver/Src/stm32l0xx_hal_flash_ex.o
LOAD Drivers/STM32L0xx_HAL_Driver/Src/stm32l0xx_hal_flash_ramfunc.o
LOAD Drivers/STM32L0xx_HAL_Driver/Src/stm32l0xx_hal_gpio.o
LOAD Drivers/STM32L0xx_HAL_Driver/Src/stm32l0xx_hal_i2c.o
LOAD Drivers/STM32L0xx_HAL_Driver/Src/stm32l0xx_hal_i2c_ex.o
LOAD Drivers/STM32L0xx_HAL_Driver/Src/stm32l0xx_hal_pwr.o
LOAD Drivers/STM32L0xx_HAL_Driver/Src/stm32l0xx_hal_pwr_ex.o
LOAD Drivers/STM32L0xx_HAL_Driver/Src/stm32l0xx_hal_rcc.o
LOAD Drivers/STM32L0xx_HAL_Driver/Src/stm32l0xx_hal_rcc_ex.o
LOAD Drivers/STM32L0xx_HAL_Driver/Src/stm32l0xx_hal_spi.o
LOAD Drivers/STM32L0xx_HAL_Driver/Src/stm32l0xx_hal_tim.o
LOAD Drivers/STM32L0xx_HAL_Driver/Src/stm32l0xx_hal_tim_ex.o
LOAD Drivers/STM32L0xx_HAL_Driver/Src/stm32l0xx_hal_tsc.o
LOAD Drivers/STM32L0xx_HAL_Driver/Src/stm32l0xx_hal_uart.o
LOAD Drivers/STM32L0xx_HAL_Driver/Src/stm32l0xx_hal_uart_ex.o
LOAD Src/RH_RF95.o
LOAD Src/main.o
LOAD Src/stm32l0xx_hal_msp.o
LOAD Src/stm32l0xx_it.o
LOAD Src/syscalls.o
LOAD Src/system_stm32l0xx.o
LOAD startup/startup_stm32l053xx.o
LOAD d:/stm32/plugins/fr.ac6.mcu.externaltools.arm-none.win32_1.17.0.201812190825/tools/compiler/bin/../lib/gcc/arm-none-eabi/7.3.1/../../../../arm-none-eabi/lib/thumb/v6-m\libm.a
START GROUP
LOAD d:/stm32/plugins/fr.ac6.mcu.externaltools.arm-none.win32_1.17.0.201812190825/tools/compiler/bin/../lib/gcc/arm-none-eabi/7.3.1/thumb/v6-m\libgcc.a
LOAD d:/stm32/plugins/fr.ac6.mcu.externaltools.arm-none.win32_1.17.0.201812190825/tools/compiler/bin/../lib/gcc/arm-none-eabi/7.3.1/../../../../arm-none-eabi/lib/thumb/v6-m\libc_nano.a
END GROUP
START GROUP
LOAD d:/stm32/plugins/fr.ac6.mcu.externaltools.arm-none.win32_1.17.0.201812190825/tools/compiler/bin/../lib/gcc/arm-none-eabi/7.3.1/thumb/v6-m\libgcc.a
LOAD d:/stm32/plugins/fr.ac6.mcu.externaltools.arm-none.win32_1.17.0.201812190825/tools/compiler/bin/../lib/gcc/arm-none-eabi/7.3.1/../../../../arm-none-eabi/lib/thumb/v6-m\libc_nano.a
LOAD d:/stm32/plugins/fr.ac6.mcu.externaltools.arm-none.win32_1.17.0.201812190825/tools/compiler/bin/../lib/gcc/arm-none-eabi/7.3.1/../../../../arm-none-eabi/lib/thumb/v6-m\libnosys.a
END GROUP
START GROUP
LOAD d:/stm32/plugins/fr.ac6.mcu.externaltools.arm-none.win32_1.17.0.201812190825/tools/compiler/bin/../lib/gcc/arm-none-eabi/7.3.1/thumb/v6-m\libgcc.a
LOAD d:/stm32/plugins/fr.ac6.mcu.externaltools.arm-none.win32_1.17.0.201812190825/tools/compiler/bin/../lib/gcc/arm-none-eabi/7.3.1/../../../../arm-none-eabi/lib/thumb/v6-m\libc_nano.a
LOAD d:/stm32/plugins/fr.ac6.mcu.externaltools.arm-none.win32_1.17.0.201812190825/tools/compiler/bin/../lib/gcc/arm-none-eabi/7.3.1/../../../../arm-none-eabi/lib/thumb/v6-m\libnosys.a
END GROUP
LOAD d:/stm32/plugins/fr.ac6.mcu.externaltools.arm-none.win32_1.17.0.201812190825/tools/compiler/bin/../lib/gcc/arm-none-eabi/7.3.1/thumb/v6-m/crtend.o
LOAD d:/stm32/plugins/fr.ac6.mcu.externaltools.arm-none.win32_1.17.0.201812190825/tools/compiler/bin/../lib/gcc/arm-none-eabi/7.3.1/thumb/v6-m/crtn.o
                0x20002000                _estack = 0x20002000
                0x00000200                _Min_Heap_Size = 0x200
                0x00000400                _Min_Stack_Size = 0x400

.isr_vector     0x08000000       0xc0
                0x08000000                . = ALIGN (0x4)
 *(.isr_vector)
 .isr_vector    0x08000000       0xc0 startup/startup_stm32l053xx.o
                0x08000000                g_pfnVectors
                0x080000c0                . = ALIGN (0x4)

.text           0x080000c0     0x2cb4
                0x080000c0                . = ALIGN (0x4)
 *(.text)
 .text          0x080000c0       0x48 d:/stm32/plugins/fr.ac6.mcu.externaltools.arm-none.win32_1.17.0.201812190825/tools/compiler/bin/../lib/gcc/arm-none-eabi/7.3.1/thumb/v6-m/crtbegin.o
 .text          0x08000108      0x114 d:/stm32/plugins/fr.ac6.mcu.externaltools.arm-none.win32_1.17.0.201812190825/tools/compiler/bin/../lib/gcc/arm-none-eabi/7.3.1/thumb/v6-m\libgcc.a(_udivsi3.o)
                0x08000108                __aeabi_uidiv
                0x08000108                __udivsi3
                0x08000214                __aeabi_uidivmod
 .text          0x0800021c        0x4 d:/stm32/plugins/fr.ac6.mcu.externaltools.arm-none.win32_1.17.0.201812190825/tools/compiler/bin/../lib/gcc/arm-none-eabi/7.3.1/thumb/v6-m\libgcc.a(_dvmd_tls.o)
                0x0800021c                __aeabi_idiv0
                0x0800021c                __aeabi_ldiv0
 .text          0x08000220       0x40 d:/stm32/plugins/fr.ac6.mcu.externaltools.arm-none.win32_1.17.0.201812190825/tools/compiler/bin/../lib/gcc/arm-none-eabi/7.3.1/thumb/v6-m\libgcc.a(_aeabi_uldivmod.o)
                0x08000220                __aeabi_uldivmod
 .text          0x08000260      0x184 d:/stm32/plugins/fr.ac6.mcu.externaltools.arm-none.win32_1.17.0.201812190825/tools/compiler/bin/../lib/gcc/arm-none-eabi/7.3.1/thumb/v6-m\libgcc.a(_udivmoddi4.o)
                0x08000260                __udivmoddi4
 .text          0x080003e4       0x18 d:/stm32/plugins/fr.ac6.mcu.externaltools.arm-none.win32_1.17.0.201812190825/tools/compiler/bin/../lib/gcc/arm-none-eabi/7.3.1/thumb/v6-m\libgcc.a(_clzdi2.o)
                0x080003e4                __clzdi2
 .text          0x080003fc       0x3c d:/stm32/plugins/fr.ac6.mcu.externaltools.arm-none.win32_1.17.0.201812190825/tools/compiler/bin/../lib/gcc/arm-none-eabi/7.3.1/thumb/v6-m\libgcc.a(_clzsi2.o)
                0x080003fc                __clzsi2
 .text          0x08000438        0xe d:/stm32/plugins/fr.ac6.mcu.externaltools.arm-none.win32_1.17.0.201812190825/tools/compiler/bin/../lib/gcc/arm-none-eabi/7.3.1/../../../../arm-none-eabi/lib/thumb/v6-m\libc_nano.a(lib_a-strlen.o)
                0x08000438                strlen
 *(.text*)
 *fill*         0x08000446        0x2 
 .text.HAL_InitTick
                0x08000448       0x30 Drivers/STM32L0xx_HAL_Driver/Src/stm32l0xx_hal.o
                0x08000448                HAL_InitTick
 .text.HAL_Init
                0x08000478       0x28 Drivers/STM32L0xx_HAL_Driver/Src/stm32l0xx_hal.o
                0x08000478                HAL_Init
 .text.HAL_IncTick
                0x080004a0       0x10 Drivers/STM32L0xx_HAL_Driver/Src/stm32l0xx_hal.o
                0x080004a0                HAL_IncTick
 .text.HAL_GetTick
                0x080004b0        0xc Drivers/STM32L0xx_HAL_Driver/Src/stm32l0xx_hal.o
                0x080004b0                HAL_GetTick
 .text.HAL_Delay
                0x080004bc       0x1c Drivers/STM32L0xx_HAL_Driver/Src/stm32l0xx_hal.o
                0x080004bc                HAL_Delay
 .text.HAL_NVIC_SetPriority
                0x080004d8       0x60 Drivers/STM32L0xx_HAL_Driver/Src/stm32l0xx_hal_cortex.o
                0x080004d8                HAL_NVIC_SetPriority
 .text.HAL_SYSTICK_Config
                0x08000538       0x38 Drivers/STM32L0xx_HAL_Driver/Src/stm32l0xx_hal_cortex.o
                0x08000538                HAL_SYSTICK_Config
 .text.HAL_GPIO_Init
                0x08000570      0x18c Drivers/STM32L0xx_HAL_Driver/Src/stm32l0xx_hal_gpio.o
                0x08000570                HAL_GPIO_Init
 .text.HAL_GPIO_WritePin
                0x080006fc        0xc Drivers/STM32L0xx_HAL_Driver/Src/stm32l0xx_hal_gpio.o
                0x080006fc                HAL_GPIO_WritePin
 .text.HAL_I2C_Init
                0x08000708       0xcc Drivers/STM32L0xx_HAL_Driver/Src/stm32l0xx_hal_i2c.o
                0x08000708                HAL_I2C_Init
 .text.HAL_I2CEx_ConfigAnalogFilter
                0x080007d4       0x58 Drivers/STM32L0xx_HAL_Driver/Src/stm32l0xx_hal_i2c_ex.o
                0x080007d4                HAL_I2CEx_ConfigAnalogFilter
 .text.HAL_I2CEx_ConfigDigitalFilter
                0x0800082c       0x54 Drivers/STM32L0xx_HAL_Driver/Src/stm32l0xx_hal_i2c_ex.o
                0x0800082c                HAL_I2CEx_ConfigDigitalFilter
 .text.HAL_RCC_GetSysClockFreq
                0x08000880       0xb0 Drivers/STM32L0xx_HAL_Driver/Src/stm32l0xx_hal_rcc.o
                0x08000880                HAL_RCC_GetSysClockFreq
 .text.HAL_RCC_OscConfig
                0x08000930      0x57c Drivers/STM32L0xx_HAL_Driver/Src/stm32l0xx_hal_rcc.o
                0x08000930                HAL_RCC_OscConfig
 .text.HAL_RCC_ClockConfig
                0x08000eac      0x1a8 Drivers/STM32L0xx_HAL_Driver/Src/stm32l0xx_hal_rcc.o
                0x08000eac                HAL_RCC_ClockConfig
 .text.HAL_RCC_GetHCLKFreq
                0x08001054        0xc Drivers/STM32L0xx_HAL_Driver/Src/stm32l0xx_hal_rcc.o
                0x08001054                HAL_RCC_GetHCLKFreq
 .text.HAL_RCC_GetPCLK1Freq
                0x08001060       0x20 Drivers/STM32L0xx_HAL_Driver/Src/stm32l0xx_hal_rcc.o
                0x08001060                HAL_RCC_GetPCLK1Freq
 .text.HAL_RCC_GetPCLK2Freq
                0x08001080       0x20 Drivers/STM32L0xx_HAL_Driver/Src/stm32l0xx_hal_rcc.o
                0x08001080                HAL_RCC_GetPCLK2Freq
 .text.HAL_RCCEx_PeriphCLKConfig
                0x080010a0      0x1fc Drivers/STM32L0xx_HAL_Driver/Src/stm32l0xx_hal_rcc_ex.o
                0x080010a0                HAL_RCCEx_PeriphCLKConfig
 .text.SPI_WaitFlagStateUntilTimeout
                0x0800129c       0x9c Drivers/STM32L0xx_HAL_Driver/Src/stm32l0xx_hal_spi.o
 .text.SPI_EndRxTxTransaction
                0x08001338       0x5a Drivers/STM32L0xx_HAL_Driver/Src/stm32l0xx_hal_spi.o
 .text.SPI_EndRxTransaction
                0x08001392       0xa0 Drivers/STM32L0xx_HAL_Driver/Src/stm32l0xx_hal_spi.o
 *fill*         0x08001432        0x2 
 .text.HAL_SPI_Init
                0x08001434       0x88 Drivers/STM32L0xx_HAL_Driver/Src/stm32l0xx_hal_spi.o
                0x08001434                HAL_SPI_Init
 .text.HAL_SPI_Transmit
                0x080014bc      0x19a Drivers/STM32L0xx_HAL_Driver/Src/stm32l0xx_hal_spi.o
                0x080014bc                HAL_SPI_Transmit
 .text.HAL_SPI_TransmitReceive
                0x08001656      0x22c Drivers/STM32L0xx_HAL_Driver/Src/stm32l0xx_hal_spi.o
                0x08001656                HAL_SPI_TransmitReceive
 *fill*         0x08001882        0x2 
 .text.HAL_SPI_Receive
                0x08001884      0x164 Drivers/STM32L0xx_HAL_Driver/Src/stm32l0xx_hal_spi.o
                0x08001884                HAL_SPI_Receive
 .text.TSC_extract_groups
                0x080019e8       0x24 Drivers/STM32L0xx_HAL_Driver/Src/stm32l0xx_hal_tsc.o
 .text.HAL_TSC_Init
                0x08001a0c       0xa8 Drivers/STM32L0xx_HAL_Driver/Src/stm32l0xx_hal_tsc.o
                0x08001a0c                HAL_TSC_Init
 .text.UART_SetConfig
                0x08001ab4      0x368 Drivers/STM32L0xx_HAL_Driver/Src/stm32l0xx_hal_uart.o
                0x08001ab4                UART_SetConfig
 .text.UART_AdvFeatureConfig
                0x08001e1c       0xe0 Drivers/STM32L0xx_HAL_Driver/Src/stm32l0xx_hal_uart.o
                0x08001e1c                UART_AdvFeatureConfig
 .text.UART_WaitOnFlagUntilTimeout
                0x08001efc       0x68 Drivers/STM32L0xx_HAL_Driver/Src/stm32l0xx_hal_uart.o
                0x08001efc                UART_WaitOnFlagUntilTimeout
 .text.UART_CheckIdleState
                0x08001f64       0x6c Drivers/STM32L0xx_HAL_Driver/Src/stm32l0xx_hal_uart.o
                0x08001f64                UART_CheckIdleState
 .text.HAL_UART_Init
                0x08001fd0       0x6c Drivers/STM32L0xx_HAL_Driver/Src/stm32l0xx_hal_uart.o
                0x08001fd0                HAL_UART_Init
 .text.spiWrite
                0x0800203c       0x58 Src/RH_RF95.o
                0x0800203c                spiWrite
 .text.setModeRx
                0x08002094       0x38 Src/RH_RF95.o
                0x08002094                setModeRx
 .text.setModeTx
                0x080020cc       0x38 Src/RH_RF95.o
                0x080020cc                setModeTx
 .text.spiBurstWrite
                0x08002104       0x5e Src/RH_RF95.o
                0x08002104                spiBurstWrite
 .text.send     0x08002162       0x98 Src/RH_RF95.o
                0x08002162                send
 .text.spiRead  0x080021fa       0x4e Src/RH_RF95.o
                0x080021fa                spiRead
 .text.RF95_init
                0x08002248      0x1d8 Src/RH_RF95.o
                0x08002248                RF95_init
 .text.MX_GPIO_Init
                0x08002420       0xf0 Src/main.o
 .text.MX_I2C1_Init
                0x08002510       0x44 Src/main.o
 .text.MX_SPI1_Init
                0x08002554       0x38 Src/main.o
 .text.MX_SPI2_Init
                0x0800258c       0x3c Src/main.o
 .text.MX_TSC_Init
                0x080025c8       0x4c Src/main.o
 .text.MX_USART1_UART_Init
                0x08002614       0x30 Src/main.o
 .text.SystemClock_Config
                0x08002644       0x8c Src/main.o
                0x08002644                SystemClock_Config
 .text.main     0x080026d0      0x304 Src/main.o
                0x080026d0                main
 .text.HAL_MspInit
                0x080029d4       0x1c Src/stm32l0xx_hal_msp.o
                0x080029d4                HAL_MspInit
 .text.HAL_I2C_MspInit
                0x080029f0       0x64 Src/stm32l0xx_hal_msp.o
                0x080029f0                HAL_I2C_MspInit
 .text.HAL_SPI_MspInit
                0x08002a54       0xbc Src/stm32l0xx_hal_msp.o
                0x08002a54                HAL_SPI_MspInit
 .text.HAL_TSC_MspInit
                0x08002b10       0xc0 Src/stm32l0xx_hal_msp.o
                0x08002b10                HAL_TSC_MspInit
 .text.HAL_UART_MspInit
                0x08002bd0       0x60 Src/stm32l0xx_hal_msp.o
                0x08002bd0                HAL_UART_MspInit
 .text.NMI_Handler
                0x08002c30        0x2 Src/stm32l0xx_it.o
                0x08002c30                NMI_Handler
 .text.HardFault_Handler
                0x08002c32        0x2 Src/stm32l0xx_it.o
                0x08002c32                HardFault_Handler
 .text.SVC_Handler
                0x08002c34        0x2 Src/stm32l0xx_it.o
                0x08002c34                SVC_Handler
 .text.PendSV_Handler
                0x08002c36        0x2 Src/stm32l0xx_it.o
                0x08002c36                PendSV_Handler
 .text.SysTick_Handler
                0x08002c38        0x8 Src/stm32l0xx_it.o
                0x08002c38                SysTick_Handler
 .text.SystemInit
                0x08002c40       0x5c Src/system_stm32l0xx.o
                0x08002c40                SystemInit
 .text.Reset_Handler
                0x08002c9c       0x50 startup/startup_stm32l053xx.o
                0x08002c9c                Reset_Handler
 .text.Default_Handler
                0x08002cec        0x2 startup/startup_stm32l053xx.o
                0x08002cec                TSC_IRQHandler
                0x08002cec                ADC1_COMP_IRQHandler
                0x08002cec                PVD_IRQHandler
                0x08002cec                I2C1_IRQHandler
                0x08002cec                RCC_CRS_IRQHandler
                0x08002cec                SPI1_IRQHandler
                0x08002cec                TIM6_DAC_IRQHandler
                0x08002cec                EXTI2_3_IRQHandler
                0x08002cec                I2C2_IRQHandler
                0x08002cec                RTC_IRQHandler
                0x08002cec                LCD_IRQHandler
                0x08002cec                DMA1_Channel4_5_6_7_IRQHandler
                0x08002cec                EXTI4_15_IRQHandler
                0x08002cec                DMA1_Channel1_IRQHandler
                0x08002cec                Default_Handler
                0x08002cec                TIM22_IRQHandler
                0x08002cec                EXTI0_1_IRQHandler
                0x08002cec                USB_IRQHandler
                0x08002cec                SPI2_IRQHandler
                0x08002cec                TIM21_IRQHandler
                0x08002cec                WWDG_IRQHandler
                0x08002cec                TIM2_IRQHandler
                0x08002cec                DMA1_Channel2_3_IRQHandler
                0x08002cec                USART2_IRQHandler
                0x08002cec                FLASH_IRQHandler
                0x08002cec                USART1_IRQHandler
                0x08002cec                RNG_LPUART1_IRQHandler
                0x08002cec                LPTIM1_IRQHandler
 *fill*         0x08002cee        0x2 
 .text.__libc_init_array
                0x08002cf0       0x48 d:/stm32/plugins/fr.ac6.mcu.externaltools.arm-none.win32_1.17.0.201812190825/tools/compiler/bin/../lib/gcc/arm-none-eabi/7.3.1/../../../../arm-none-eabi/lib/thumb/v6-m\libc_nano.a(lib_a-init.o)
                0x08002cf0                __libc_init_array
 .text.memcpy   0x08002d38       0x12 d:/stm32/plugins/fr.ac6.mcu.externaltools.arm-none.win32_1.17.0.201812190825/tools/compiler/bin/../lib/gcc/arm-none-eabi/7.3.1/../../../../arm-none-eabi/lib/thumb/v6-m\libc_nano.a(lib_a-memcpy-stub.o)
                0x08002d38                memcpy
 .text.memset   0x08002d4a       0x10 d:/stm32/plugins/fr.ac6.mcu.externaltools.arm-none.win32_1.17.0.201812190825/tools/compiler/bin/../lib/gcc/arm-none-eabi/7.3.1/../../../../arm-none-eabi/lib/thumb/v6-m\libc_nano.a(lib_a-memset.o)
                0x08002d4a                memset
 *(.glue_7)
 .glue_7        0x08002d5a        0x0 linker stubs
 *(.glue_7t)
 .glue_7t       0x08002d5a        0x0 linker stubs
 *(.eh_frame)
 *fill*         0x08002d5a        0x2 
 .eh_frame      0x08002d5c        0x0 d:/stm32/plugins/fr.ac6.mcu.externaltools.arm-none.win32_1.17.0.201812190825/tools/compiler/bin/../lib/gcc/arm-none-eabi/7.3.1/thumb/v6-m/crtbegin.o
 *(.init)
 .init          0x08002d5c        0x4 d:/stm32/plugins/fr.ac6.mcu.externaltools.arm-none.win32_1.17.0.201812190825/tools/compiler/bin/../lib/gcc/arm-none-eabi/7.3.1/thumb/v6-m/crti.o
                0x08002d5c                _init
 .init          0x08002d60        0x8 d:/stm32/plugins/fr.ac6.mcu.externaltools.arm-none.win32_1.17.0.201812190825/tools/compiler/bin/../lib/gcc/arm-none-eabi/7.3.1/thumb/v6-m/crtn.o
 *(.fini)
 .fini          0x08002d68        0x4 d:/stm32/plugins/fr.ac6.mcu.externaltools.arm-none.win32_1.17.0.201812190825/tools/compiler/bin/../lib/gcc/arm-none-eabi/7.3.1/thumb/v6-m/crti.o
                0x08002d68                _fini
 .fini          0x08002d6c        0x8 d:/stm32/plugins/fr.ac6.mcu.externaltools.arm-none.win32_1.17.0.201812190825/tools/compiler/bin/../lib/gcc/arm-none-eabi/7.3.1/thumb/v6-m/crtn.o
                0x08002d74                . = ALIGN (0x4)
                0x08002d74                _etext = .

.vfp11_veneer   0x08002d74        0x0
 .vfp11_veneer  0x08002d74        0x0 linker stubs

.v4_bx          0x08002d74        0x0
 .v4_bx         0x08002d74        0x0 linker stubs

.iplt           0x08002d74        0x0
 .iplt          0x08002d74        0x0 d:/stm32/plugins/fr.ac6.mcu.externaltools.arm-none.win32_1.17.0.201812190825/tools/compiler/bin/../lib/gcc/arm-none-eabi/7.3.1/thumb/v6-m/crtbegin.o

.rodata         0x08002d74       0x80
                0x08002d74                . = ALIGN (0x4)
 *(.rodata)
 .rodata        0x08002d74       0x48 Drivers/STM32L0xx_HAL_Driver/Src/stm32l0xx_hal_uart.o
 .rodata        0x08002dbc       0x24 Src/system_stm32l0xx.o
                0x08002dbc                PLLMulTable
                0x08002dc8                AHBPrescTable
                0x08002dd8                APBPrescTable
 *(.rodata*)
 .rodata.str1.4
                0x08002de0       0x14 Src/main.o
                                 0x11 (size before relaxing)
                0x08002df4                . = ALIGN (0x4)

.ARM.extab
 *(.ARM.extab* .gnu.linkonce.armextab.*)

.ARM            0x08002df4        0x8
                0x08002df4                __exidx_start = .
 *(.ARM.exidx*)
 .ARM.exidx     0x08002df4        0x8 d:/stm32/plugins/fr.ac6.mcu.externaltools.arm-none.win32_1.17.0.201812190825/tools/compiler/bin/../lib/gcc/arm-none-eabi/7.3.1/thumb/v6-m\libgcc.a(_udivmoddi4.o)
                0x08002dfc                __exidx_end = .

.rel.dyn        0x08002dfc        0x0
 .rel.iplt      0x08002dfc        0x0 d:/stm32/plugins/fr.ac6.mcu.externaltools.arm-none.win32_1.17.0.201812190825/tools/compiler/bin/../lib/gcc/arm-none-eabi/7.3.1/thumb/v6-m/crtbegin.o

.preinit_array  0x08002dfc        0x0
                0x08002dfc                PROVIDE (__preinit_array_start = .)
 *(.preinit_array*)
                0x08002dfc                PROVIDE (__preinit_array_end = .)

.init_array     0x08002dfc        0x4
                0x08002dfc                PROVIDE (__init_array_start = .)
 *(SORT_BY_NAME(.init_array.*))
 *(.init_array*)
 .init_array    0x08002dfc        0x4 d:/stm32/plugins/fr.ac6.mcu.externaltools.arm-none.win32_1.17.0.201812190825/tools/compiler/bin/../lib/gcc/arm-none-eabi/7.3.1/thumb/v6-m/crtbegin.o
                0x08002e00                PROVIDE (__init_array_end = .)

.fini_array     0x08002e00        0x4
                [!provide]                PROVIDE (__fini_array_start = .)
 *(SORT_BY_NAME(.fini_array.*))
 *(.fini_array*)
 .fini_array    0x08002e00        0x4 d:/stm32/plugins/fr.ac6.mcu.externaltools.arm-none.win32_1.17.0.201812190825/tools/compiler/bin/../lib/gcc/arm-none-eabi/7.3.1/thumb/v6-m/crtbegin.o
                [!provide]                PROVIDE (__fini_array_end = .)
                0x08002e04                _sidata = LOADADDR (.data)

.data           0x20000000        0x4 load address 0x08002e04
                0x20000000                . = ALIGN (0x4)
                0x20000000                _sdata = .
 *(.data)
 .data          0x20000000        0x4 Src/system_stm32l0xx.o
                0x20000000                SystemCoreClock
 *(.data*)
                0x20000004                . = ALIGN (0x4)
                0x20000004                _edata = .

.igot.plt       0x20000004        0x0 load address 0x08002e08
 .igot.plt      0x20000004        0x0 d:/stm32/plugins/fr.ac6.mcu.externaltools.arm-none.win32_1.17.0.201812190825/tools/compiler/bin/../lib/gcc/arm-none-eabi/7.3.1/thumb/v6-m/crtbegin.o
                0x20000004                . = ALIGN (0x4)

.bss            0x20000004      0x1e0 load address 0x08002e08
                0x20000004                _sbss = .
                0x20000004                __bss_start__ = _sbss
 *(.bss)
 .bss           0x20000004       0x1c d:/stm32/plugins/fr.ac6.mcu.externaltools.arm-none.win32_1.17.0.201812190825/tools/compiler/bin/../lib/gcc/arm-none-eabi/7.3.1/thumb/v6-m/crtbegin.o
 *(.bss*)
 *(COMMON)
 COMMON         0x20000020        0x4 Drivers/STM32L0xx_HAL_Driver/Src/stm32l0xx_hal.o
                0x20000020                uwTick
 COMMON         0x20000024      0x1c0 Src/main.o
                0x20000024                hspi2
                0x2000007c                hi2c1
                0x200000c8                huart1
                0x20000148                hspi1
                0x200001a0                htsc
                0x200001e4                . = ALIGN (0x4)
                0x200001e4                _ebss = .
                0x200001e4                __bss_end__ = _ebss

._user_heap_stack
                0x200001e4      0x604 load address 0x08002e08
                0x200001e8                . = ALIGN (0x8)
 *fill*         0x200001e4        0x4 
                0x200001e8                PROVIDE (end = .)
                [!provide]                PROVIDE (_end = .)
                0x200003e8                . = (. + _Min_Heap_Size)
 *fill*         0x200001e8      0x200 
                0x200007e8                . = (. + _Min_Stack_Size)
 *fill*         0x200003e8      0x400 
                0x200007e8                . = ALIGN (0x8)

/DISCARD/
 libc.a(*)
 libm.a(*)
 libgcc.a(*)

.ARM.attributes
                0x00000000       0x28
 *(.ARM.attributes)
 .ARM.attributes
                0x00000000       0x1e d:/stm32/plugins/fr.ac6.mcu.externaltools.arm-none.win32_1.17.0.201812190825/tools/compiler/bin/../lib/gcc/arm-none-eabi/7.3.1/thumb/v6-m/crti.o
 .ARM.attributes
                0x0000001e       0x2c d:/stm32/plugins/fr.ac6.mcu.externaltools.arm-none.win32_1.17.0.201812190825/tools/compiler/bin/../lib/gcc/arm-none-eabi/7.3.1/thumb/v6-m/crtbegin.o
 .ARM.attributes
                0x0000004a       0x32 Drivers/STM32L0xx_HAL_Driver/Src/stm32l0xx_hal.o
 .ARM.attributes
                0x0000007c       0x32 Drivers/STM32L0xx_HAL_Driver/Src/stm32l0xx_hal_cortex.o
 .ARM.attributes
                0x000000ae       0x32 Drivers/STM32L0xx_HAL_Driver/Src/stm32l0xx_hal_gpio.o
 .ARM.attributes
                0x000000e0       0x32 Drivers/STM32L0xx_HAL_Driver/Src/stm32l0xx_hal_i2c.o
 .ARM.attributes
                0x00000112       0x32 Drivers/STM32L0xx_HAL_Driver/Src/stm32l0xx_hal_i2c_ex.o
 .ARM.attributes
                0x00000144       0x32 Drivers/STM32L0xx_HAL_Driver/Src/stm32l0xx_hal_rcc.o
 .ARM.attributes
                0x00000176       0x32 Drivers/STM32L0xx_HAL_Driver/Src/stm32l0xx_hal_rcc_ex.o
 .ARM.attributes
                0x000001a8       0x32 Drivers/STM32L0xx_HAL_Driver/Src/stm32l0xx_hal_spi.o
 .ARM.attributes
                0x000001da       0x32 Drivers/STM32L0xx_HAL_Driver/Src/stm32l0xx_hal_tsc.o
 .ARM.attributes
                0x0000020c       0x32 Drivers/STM32L0xx_HAL_Driver/Src/stm32l0xx_hal_uart.o
 .ARM.attributes
                0x0000023e       0x32 Src/RH_RF95.o
 .ARM.attributes
                0x00000270       0x32 Src/main.o
 .ARM.attributes
                0x000002a2       0x32 Src/stm32l0xx_hal_msp.o
 .ARM.attributes
                0x000002d4       0x32 Src/stm32l0xx_it.o
 .ARM.attributes
                0x00000306       0x32 Src/system_stm32l0xx.o
 .ARM.attributes
                0x00000338       0x22 startup/startup_stm32l053xx.o
 .ARM.attributes
                0x0000035a       0x1e d:/stm32/plugins/fr.ac6.mcu.externaltools.arm-none.win32_1.17.0.201812190825/tools/compiler/bin/../lib/gcc/arm-none-eabi/7.3.1/thumb/v6-m\libgcc.a(_udivsi3.o)
 .ARM.attributes
                0x00000378       0x1e d:/stm32/plugins/fr.ac6.mcu.externaltools.arm-none.win32_1.17.0.201812190825/tools/compiler/bin/../lib/gcc/arm-none-eabi/7.3.1/thumb/v6-m\libgcc.a(_dvmd_tls.o)
 .ARM.attributes
                0x00000396       0x1e d:/stm32/plugins/fr.ac6.mcu.externaltools.arm-none.win32_1.17.0.201812190825/tools/compiler/bin/../lib/gcc/arm-none-eabi/7.3.1/thumb/v6-m\libgcc.a(_aeabi_uldivmod.o)
 .ARM.attributes
                0x000003b4       0x2c d:/stm32/plugins/fr.ac6.mcu.externaltools.arm-none.win32_1.17.0.201812190825/tools/compiler/bin/../lib/gcc/arm-none-eabi/7.3.1/thumb/v6-m\libgcc.a(_udivmoddi4.o)
 .ARM.attributes
                0x000003e0       0x1e d:/stm32/plugins/fr.ac6.mcu.externaltools.arm-none.win32_1.17.0.201812190825/tools/compiler/bin/../lib/gcc/arm-none-eabi/7.3.1/thumb/v6-m\libgcc.a(_clzdi2.o)
 .ARM.attributes
                0x000003fe       0x1e d:/stm32/plugins/fr.ac6.mcu.externaltools.arm-none.win32_1.17.0.201812190825/tools/compiler/bin/../lib/gcc/arm-none-eabi/7.3.1/thumb/v6-m\libgcc.a(_clzsi2.o)
 .ARM.attributes
                0x0000041c       0x2c d:/stm32/plugins/fr.ac6.mcu.externaltools.arm-none.win32_1.17.0.201812190825/tools/compiler/bin/../lib/gcc/arm-none-eabi/7.3.1/../../../../arm-none-eabi/lib/thumb/v6-m\libc_nano.a(lib_a-init.o)
 .ARM.attributes
                0x00000448       0x2c d:/stm32/plugins/fr.ac6.mcu.externaltools.arm-none.win32_1.17.0.201812190825/tools/compiler/bin/../lib/gcc/arm-none-eabi/7.3.1/../../../../arm-none-eabi/lib/thumb/v6-m\libc_nano.a(lib_a-memcpy-stub.o)
 .ARM.attributes
                0x00000474       0x2c d:/stm32/plugins/fr.ac6.mcu.externaltools.arm-none.win32_1.17.0.201812190825/tools/compiler/bin/../lib/gcc/arm-none-eabi/7.3.1/../../../../arm-none-eabi/lib/thumb/v6-m\libc_nano.a(lib_a-memset.o)
 .ARM.attributes
                0x000004a0       0x1c d:/stm32/plugins/fr.ac6.mcu.externaltools.arm-none.win32_1.17.0.201812190825/tools/compiler/bin/../lib/gcc/arm-none-eabi/7.3.1/../../../../arm-none-eabi/lib/thumb/v6-m\libc_nano.a(lib_a-strlen.o)
 .ARM.attributes
                0x000004bc       0x1e d:/stm32/plugins/fr.ac6.mcu.externaltools.arm-none.win32_1.17.0.201812190825/tools/compiler/bin/../lib/gcc/arm-none-eabi/7.3.1/thumb/v6-m/crtn.o
OUTPUT(32L0_477.elf elf32-littlearm)

.debug_info     0x00000000     0xf96f
 .debug_info    0x00000000      0x826 Drivers/STM32L0xx_HAL_Driver/Src/stm32l0xx_hal.o
 .debug_info    0x00000826      0x97d Drivers/STM32L0xx_HAL_Driver/Src/stm32l0xx_hal_cortex.o
 .debug_info    0x000011a3      0x6ce Drivers/STM32L0xx_HAL_Driver/Src/stm32l0xx_hal_gpio.o
 .debug_info    0x00001871     0x38e6 Drivers/STM32L0xx_HAL_Driver/Src/stm32l0xx_hal_i2c.o
 .debug_info    0x00005157      0x8ef Drivers/STM32L0xx_HAL_Driver/Src/stm32l0xx_hal_i2c_ex.o
 .debug_info    0x00005a46      0xbeb Drivers/STM32L0xx_HAL_Driver/Src/stm32l0xx_hal_rcc.o
 .debug_info    0x00006631      0x90b Drivers/STM32L0xx_HAL_Driver/Src/stm32l0xx_hal_rcc_ex.o
 .debug_info    0x00006f3c     0x1ba1 Drivers/STM32L0xx_HAL_Driver/Src/stm32l0xx_hal_spi.o
 .debug_info    0x00008add      0x83e Drivers/STM32L0xx_HAL_Driver/Src/stm32l0xx_hal_tsc.o
 .debug_info    0x0000931b     0x1b21 Drivers/STM32L0xx_HAL_Driver/Src/stm32l0xx_hal_uart.o
 .debug_info    0x0000ae3c     0x15e9 Src/RH_RF95.o
 .debug_info    0x0000c425     0x1bb4 Src/main.o
 .debug_info    0x0000dfd9     0x144c Src/stm32l0xx_hal_msp.o
 .debug_info    0x0000f425      0x193 Src/stm32l0xx_it.o
 .debug_info    0x0000f5b8      0x395 Src/system_stm32l0xx.o
 .debug_info    0x0000f94d       0x22 startup/startup_stm32l053xx.o

.debug_abbrev   0x00000000     0x1ef7
 .debug_abbrev  0x00000000      0x236 Drivers/STM32L0xx_HAL_Driver/Src/stm32l0xx_hal.o
 .debug_abbrev  0x00000236      0x24c Drivers/STM32L0xx_HAL_Driver/Src/stm32l0xx_hal_cortex.o
 .debug_abbrev  0x00000482      0x1cf Drivers/STM32L0xx_HAL_Driver/Src/stm32l0xx_hal_gpio.o
 .debug_abbrev  0x00000651      0x26c Drivers/STM32L0xx_HAL_Driver/Src/stm32l0xx_hal_i2c.o
 .debug_abbrev  0x000008bd      0x1bf Drivers/STM32L0xx_HAL_Driver/Src/stm32l0xx_hal_i2c_ex.o
 .debug_abbrev  0x00000a7c      0x27b Drivers/STM32L0xx_HAL_Driver/Src/stm32l0xx_hal_rcc.o
 .debug_abbrev  0x00000cf7      0x1ff Drivers/STM32L0xx_HAL_Driver/Src/stm32l0xx_hal_rcc_ex.o
 .debug_abbrev  0x00000ef6      0x26c Drivers/STM32L0xx_HAL_Driver/Src/stm32l0xx_hal_spi.o
 .debug_abbrev  0x00001162      0x1ef Drivers/STM32L0xx_HAL_Driver/Src/stm32l0xx_hal_tsc.o
 .debug_abbrev  0x00001351      0x25c Drivers/STM32L0xx_HAL_Driver/Src/stm32l0xx_hal_uart.o
 .debug_abbrev  0x000015ad      0x2a7 Src/RH_RF95.o
 .debug_abbrev  0x00001854      0x2a8 Src/main.o
 .debug_abbrev  0x00001afc      0x20e Src/stm32l0xx_hal_msp.o
 .debug_abbrev  0x00001d0a       0xca Src/stm32l0xx_it.o
 .debug_abbrev  0x00001dd4      0x111 Src/system_stm32l0xx.o
 .debug_abbrev  0x00001ee5       0x12 startup/startup_stm32l053xx.o

.debug_loc      0x00000000     0x9a28
 .debug_loc     0x00000000      0x12c Drivers/STM32L0xx_HAL_Driver/Src/stm32l0xx_hal.o
 .debug_loc     0x0000012c      0x3b4 Drivers/STM32L0xx_HAL_Driver/Src/stm32l0xx_hal_cortex.o
 .debug_loc     0x000004e0      0x2d1 Drivers/STM32L0xx_HAL_Driver/Src/stm32l0xx_hal_gpio.o
 .debug_loc     0x000007b1     0x40c0 Drivers/STM32L0xx_HAL_Driver/Src/stm32l0xx_hal_i2c.o
 .debug_loc     0x00004871      0x221 Drivers/STM32L0xx_HAL_Driver/Src/stm32l0xx_hal_i2c_ex.o
 .debug_loc     0x00004a92      0x5a4 Drivers/STM32L0xx_HAL_Driver/Src/stm32l0xx_hal_rcc.o
 .debug_loc     0x00005036      0x9cb Drivers/STM32L0xx_HAL_Driver/Src/stm32l0xx_hal_rcc_ex.o
 .debug_loc     0x00005a01     0x1c96 Drivers/STM32L0xx_HAL_Driver/Src/stm32l0xx_hal_spi.o
 .debug_loc     0x00007697      0x3f9 Drivers/STM32L0xx_HAL_Driver/Src/stm32l0xx_hal_tsc.o
 .debug_loc     0x00007a90     0x1b0f Drivers/STM32L0xx_HAL_Driver/Src/stm32l0xx_hal_uart.o
 .debug_loc     0x0000959f       0x2a Src/RH_RF95.o
 .debug_loc     0x000095c9       0xab Src/main.o
 .debug_loc     0x00009674      0x212 Src/stm32l0xx_hal_msp.o
 .debug_loc     0x00009886      0x1a2 Src/system_stm32l0xx.o

.debug_aranges  0x00000000      0xbf0
 .debug_aranges
                0x00000000       0xf8 Drivers/STM32L0xx_HAL_Driver/Src/stm32l0xx_hal.o
 .debug_aranges
                0x000000f8       0x90 Drivers/STM32L0xx_HAL_Driver/Src/stm32l0xx_hal_cortex.o
 .debug_aranges
                0x00000188       0x58 Drivers/STM32L0xx_HAL_Driver/Src/stm32l0xx_hal_gpio.o
 .debug_aranges
                0x000001e0      0x288 Drivers/STM32L0xx_HAL_Driver/Src/stm32l0xx_hal_i2c.o
 .debug_aranges
                0x00000468       0x48 Drivers/STM32L0xx_HAL_Driver/Src/stm32l0xx_hal_i2c_ex.o
 .debug_aranges
                0x000004b0       0x80 Drivers/STM32L0xx_HAL_Driver/Src/stm32l0xx_hal_rcc.o
 .debug_aranges
                0x00000530       0xb0 Drivers/STM32L0xx_HAL_Driver/Src/stm32l0xx_hal_rcc_ex.o
 .debug_aranges
                0x000005e0      0x1d0 Drivers/STM32L0xx_HAL_Driver/Src/stm32l0xx_hal_spi.o
 .debug_aranges
                0x000007b0       0xa8 Drivers/STM32L0xx_HAL_Driver/Src/stm32l0xx_hal_tsc.o
 .debug_aranges
                0x00000858      0x1f8 Drivers/STM32L0xx_HAL_Driver/Src/stm32l0xx_hal_uart.o
 .debug_aranges
                0x00000a50       0x50 Src/RH_RF95.o
 .debug_aranges
                0x00000aa0       0x60 Src/main.o
 .debug_aranges
                0x00000b00       0x60 Src/stm32l0xx_hal_msp.o
 .debug_aranges
                0x00000b60       0x40 Src/stm32l0xx_it.o
 .debug_aranges
                0x00000ba0       0x28 Src/system_stm32l0xx.o
 .debug_aranges
                0x00000bc8       0x28 startup/startup_stm32l053xx.o

.debug_ranges   0x00000000      0xbb8
 .debug_ranges  0x00000000       0xe8 Drivers/STM32L0xx_HAL_Driver/Src/stm32l0xx_hal.o
 .debug_ranges  0x000000e8       0xc8 Drivers/STM32L0xx_HAL_Driver/Src/stm32l0xx_hal_cortex.o
 .debug_ranges  0x000001b0       0x48 Drivers/STM32L0xx_HAL_Driver/Src/stm32l0xx_hal_gpio.o
 .debug_ranges  0x000001f8      0x278 Drivers/STM32L0xx_HAL_Driver/Src/stm32l0xx_hal_i2c.o
 .debug_ranges  0x00000470       0x38 Drivers/STM32L0xx_HAL_Driver/Src/stm32l0xx_hal_i2c_ex.o
 .debug_ranges  0x000004a8       0xa0 Drivers/STM32L0xx_HAL_Driver/Src/stm32l0xx_hal_rcc.o
 .debug_ranges  0x00000548       0xb8 Drivers/STM32L0xx_HAL_Driver/Src/stm32l0xx_hal_rcc_ex.o
 .debug_ranges  0x00000600      0x1c0 Drivers/STM32L0xx_HAL_Driver/Src/stm32l0xx_hal_spi.o
 .debug_ranges  0x000007c0       0x98 Drivers/STM32L0xx_HAL_Driver/Src/stm32l0xx_hal_tsc.o
 .debug_ranges  0x00000858      0x1e8 Drivers/STM32L0xx_HAL_Driver/Src/stm32l0xx_hal_uart.o
 .debug_ranges  0x00000a40       0x40 Src/RH_RF95.o
 .debug_ranges  0x00000a80       0x80 Src/main.o
 .debug_ranges  0x00000b00       0x50 Src/stm32l0xx_hal_msp.o
 .debug_ranges  0x00000b50       0x30 Src/stm32l0xx_it.o
 .debug_ranges  0x00000b80       0x18 Src/system_stm32l0xx.o
 .debug_ranges  0x00000b98       0x20 startup/startup_stm32l053xx.o

.debug_macro    0x00000000    0x1401d
 .debug_macro   0x00000000      0x1dc Drivers/STM32L0xx_HAL_Driver/Src/stm32l0xx_hal.o
 .debug_macro   0x000001dc      0xa4e Drivers/STM32L0xx_HAL_Driver/Src/stm32l0xx_hal.o
 .debug_macro   0x00000c2a       0xa7 Drivers/STM32L0xx_HAL_Driver/Src/stm32l0xx_hal.o
 .debug_macro   0x00000cd1       0x2e Drivers/STM32L0xx_HAL_Driver/Src/stm32l0xx_hal.o
 .debug_macro   0x00000cff       0x28 Drivers/STM32L0xx_HAL_Driver/Src/stm32l0xx_hal.o
 .debug_macro   0x00000d27       0x22 Drivers/STM32L0xx_HAL_Driver/Src/stm32l0xx_hal.o
 .debug_macro   0x00000d49       0x8e Drivers/STM32L0xx_HAL_Driver/Src/stm32l0xx_hal.o
 .debug_macro   0x00000dd7       0x51 Drivers/STM32L0xx_HAL_Driver/Src/stm32l0xx_hal.o
 .debug_macro   0x00000e28       0xef Drivers/STM32L0xx_HAL_Driver/Src/stm32l0xx_hal.o
 .debug_macro   0x00000f17       0x6a Drivers/STM32L0xx_HAL_Driver/Src/stm32l0xx_hal.o
 .debug_macro   0x00000f81      0x1df Drivers/STM32L0xx_HAL_Driver/Src/stm32l0xx_hal.o
 .debug_macro   0x00001160       0x34 Drivers/STM32L0xx_HAL_Driver/Src/stm32l0xx_hal.o
 .debug_macro   0x00001194       0x26 Drivers/STM32L0xx_HAL_Driver/Src/stm32l0xx_hal.o
 .debug_macro   0x000011ba      0x44f Drivers/STM32L0xx_HAL_Driver/Src/stm32l0xx_hal.o
 .debug_macro   0x00001609     0x9d0d Drivers/STM32L0xx_HAL_Driver/Src/stm32l0xx_hal.o
 .debug_macro   0x0000b316       0x3c Drivers/STM32L0xx_HAL_Driver/Src/stm32l0xx_hal.o
 .debug_macro   0x0000b352     0x352c Drivers/STM32L0xx_HAL_Driver/Src/stm32l0xx_hal.o
 .debug_macro   0x0000e87e      0x174 Drivers/STM32L0xx_HAL_Driver/Src/stm32l0xx_hal.o
 .debug_macro   0x0000e9f2       0x4f Drivers/STM32L0xx_HAL_Driver/Src/stm32l0xx_hal.o
 .debug_macro   0x0000ea41      0x8d6 Drivers/STM32L0xx_HAL_Driver/Src/stm32l0xx_hal.o
 .debug_macro   0x0000f317      0x9d2 Drivers/STM32L0xx_HAL_Driver/Src/stm32l0xx_hal.o
 .debug_macro   0x0000fce9      0x13f Drivers/STM32L0xx_HAL_Driver/Src/stm32l0xx_hal.o
 .debug_macro   0x0000fe28      0x17d Drivers/STM32L0xx_HAL_Driver/Src/stm32l0xx_hal.o
 .debug_macro   0x0000ffa5      0x28e Drivers/STM32L0xx_HAL_Driver/Src/stm32l0xx_hal.o
 .debug_macro   0x00010233      0x1e9 Drivers/STM32L0xx_HAL_Driver/Src/stm32l0xx_hal.o
 .debug_macro   0x0001041c      0x129 Drivers/STM32L0xx_HAL_Driver/Src/stm32l0xx_hal.o
 .debug_macro   0x00010545      0x2b4 Drivers/STM32L0xx_HAL_Driver/Src/stm32l0xx_hal.o
 .debug_macro   0x000107f9      0x22c Drivers/STM32L0xx_HAL_Driver/Src/stm32l0xx_hal.o
 .debug_macro   0x00010a25       0x5b Drivers/STM32L0xx_HAL_Driver/Src/stm32l0xx_hal.o
 .debug_macro   0x00010a80       0xa5 Drivers/STM32L0xx_HAL_Driver/Src/stm32l0xx_hal.o
 .debug_macro   0x00010b25      0x187 Drivers/STM32L0xx_HAL_Driver/Src/stm32l0xx_hal.o
 .debug_macro   0x00010cac       0x16 Drivers/STM32L0xx_HAL_Driver/Src/stm32l0xx_hal.o
 .debug_macro   0x00010cc2      0x22c Drivers/STM32L0xx_HAL_Driver/Src/stm32l0xx_hal.o
 .debug_macro   0x00010eee      0x3d0 Drivers/STM32L0xx_HAL_Driver/Src/stm32l0xx_hal.o
 .debug_macro   0x000112be      0x57b Drivers/STM32L0xx_HAL_Driver/Src/stm32l0xx_hal.o
 .debug_macro   0x00011839       0x44 Drivers/STM32L0xx_HAL_Driver/Src/stm32l0xx_hal.o
 .debug_macro   0x0001187d      0x163 Drivers/STM32L0xx_HAL_Driver/Src/stm32l0xx_hal.o
 .debug_macro   0x000119e0      0x1b8 Drivers/STM32L0xx_HAL_Driver/Src/stm32l0xx_hal_cortex.o
 .debug_macro   0x00011b98      0x1f0 Drivers/STM32L0xx_HAL_Driver/Src/stm32l0xx_hal_gpio.o
 .debug_macro   0x00011d88      0x27d Drivers/STM32L0xx_HAL_Driver/Src/stm32l0xx_hal_i2c.o
 .debug_macro   0x00012005      0x1b8 Drivers/STM32L0xx_HAL_Driver/Src/stm32l0xx_hal_i2c_ex.o
 .debug_macro   0x000121bd      0x1dc Drivers/STM32L0xx_HAL_Driver/Src/stm32l0xx_hal_rcc.o
 .debug_macro   0x00012399      0x1b8 Drivers/STM32L0xx_HAL_Driver/Src/stm32l0xx_hal_rcc_ex.o
 .debug_macro   0x00012551      0x1c0 Drivers/STM32L0xx_HAL_Driver/Src/stm32l0xx_hal_spi.o
 .debug_macro   0x00012711      0x1b9 Drivers/STM32L0xx_HAL_Driver/Src/stm32l0xx_hal_tsc.o
 .debug_macro   0x000128ca      0x1e3 Drivers/STM32L0xx_HAL_Driver/Src/stm32l0xx_hal_uart.o
 .debug_macro   0x00012aad      0x280 Src/RH_RF95.o
 .debug_macro   0x00012d2d       0x22 Src/RH_RF95.o
 .debug_macro   0x00012d4f       0x5e Src/RH_RF95.o
 .debug_macro   0x00012dad       0x18 Src/RH_RF95.o
 .debug_macro   0x00012dc5       0x35 Src/RH_RF95.o
 .debug_macro   0x00012dfa       0x34 Src/RH_RF95.o
 .debug_macro   0x00012e2e       0x58 Src/RH_RF95.o
 .debug_macro   0x00012e86       0x1f Src/RH_RF95.o
 .debug_macro   0x00012ea5       0x43 Src/RH_RF95.o
 .debug_macro   0x00012ee8       0x20 Src/RH_RF95.o
 .debug_macro   0x00012f08      0x18e Src/RH_RF95.o
 .debug_macro   0x00013096      0x330 Src/RH_RF95.o
 .debug_macro   0x000133c6       0x10 Src/RH_RF95.o
 .debug_macro   0x000133d6       0x35 Src/RH_RF95.o
 .debug_macro   0x0001340b       0x3a Src/RH_RF95.o
 .debug_macro   0x00013445      0x3a3 Src/RH_RF95.o
 .debug_macro   0x000137e8      0x1c7 Src/main.o
 .debug_macro   0x000139af      0x118 Src/main.o
 .debug_macro   0x00013ac7      0x1c7 Src/stm32l0xx_hal_msp.o
 .debug_macro   0x00013c8e      0x1d1 Src/stm32l0xx_it.o
 .debug_macro   0x00013e5f      0x1be Src/system_stm32l0xx.o

.debug_line     0x00000000     0x9c0d
 .debug_line    0x00000000      0x857 Drivers/STM32L0xx_HAL_Driver/Src/stm32l0xx_hal.o
 .debug_line    0x00000857      0x81c Drivers/STM32L0xx_HAL_Driver/Src/stm32l0xx_hal_cortex.o
 .debug_line    0x00001073      0x79e Drivers/STM32L0xx_HAL_Driver/Src/stm32l0xx_hal_gpio.o
 .debug_line    0x00001811     0x1a52 Drivers/STM32L0xx_HAL_Driver/Src/stm32l0xx_hal_i2c.o
 .debug_line    0x00003263      0x789 Drivers/STM32L0xx_HAL_Driver/Src/stm32l0xx_hal_i2c_ex.o
 .debug_line    0x000039ec      0x955 Drivers/STM32L0xx_HAL_Driver/Src/stm32l0xx_hal_rcc.o
 .debug_line    0x00004341      0x97b Drivers/STM32L0xx_HAL_Driver/Src/stm32l0xx_hal_rcc_ex.o
 .debug_line    0x00004cbc     0x1091 Drivers/STM32L0xx_HAL_Driver/Src/stm32l0xx_hal_spi.o
 .debug_line    0x00005d4d      0x8d4 Drivers/STM32L0xx_HAL_Driver/Src/stm32l0xx_hal_tsc.o
 .debug_line    0x00006621     0x11bd Drivers/STM32L0xx_HAL_Driver/Src/stm32l0xx_hal_uart.o
 .debug_line    0x000077de      0x781 Src/RH_RF95.o
 .debug_line    0x00007f5f      0x7bb Src/main.o
 .debug_line    0x0000871a      0x766 Src/stm32l0xx_hal_msp.o
 .debug_line    0x00008e80      0x697 Src/stm32l0xx_it.o
 .debug_line    0x00009517      0x673 Src/system_stm32l0xx.o
 .debug_line    0x00009b8a       0x83 startup/startup_stm32l053xx.o

.debug_str      0x00000000    0x7b25e
 .debug_str     0x00000000    0x73ad2 Drivers/STM32L0xx_HAL_Driver/Src/stm32l0xx_hal.o
                              0x73f0a (size before relaxing)
 .debug_str     0x00073ad2      0x2cc Drivers/STM32L0xx_HAL_Driver/Src/stm32l0xx_hal_cortex.o
                              0x73d25 (size before relaxing)
 .debug_str     0x00073d9e      0x2c1 Drivers/STM32L0xx_HAL_Driver/Src/stm32l0xx_hal_gpio.o
                              0x73b93 (size before relaxing)
 .debug_str     0x0007405f     0x1140 Drivers/STM32L0xx_HAL_Driver/Src/stm32l0xx_hal_i2c.o
                              0x74ad9 (size before relaxing)
 .debug_str     0x0007519f       0xbf Drivers/STM32L0xx_HAL_Driver/Src/stm32l0xx_hal_i2c_ex.o
                              0x73e4e (size before relaxing)
 .debug_str     0x0007525e      0x3c9 Drivers/STM32L0xx_HAL_Driver/Src/stm32l0xx_hal_rcc.o
                              0x73d8f (size before relaxing)
 .debug_str     0x00075627      0x427 Drivers/STM32L0xx_HAL_Driver/Src/stm32l0xx_hal_rcc_ex.o
                              0x73dba (size before relaxing)
 .debug_str     0x00075a4e      0x704 Drivers/STM32L0xx_HAL_Driver/Src/stm32l0xx_hal_spi.o
                              0x7417c (size before relaxing)
 .debug_str     0x00076152      0x432 Drivers/STM32L0xx_HAL_Driver/Src/stm32l0xx_hal_tsc.o
                              0x73cb7 (size before relaxing)
 .debug_str     0x00076584      0x966 Drivers/STM32L0xx_HAL_Driver/Src/stm32l0xx_hal_uart.o
                              0x74551 (size before relaxing)
 .debug_str     0x00076eea     0x3cfb Src/RH_RF95.o
                              0x7794d (size before relaxing)
 .debug_str     0x0007abe5      0x55a Src/main.o
                              0x74b7f (size before relaxing)
 .debug_str     0x0007b13f       0x1b Src/stm32l0xx_hal_msp.o
                              0x7481c (size before relaxing)
 .debug_str     0x0007b15a       0x71 Src/stm32l0xx_it.o
                              0x73ca3 (size before relaxing)
 .debug_str     0x0007b1cb       0x64 Src/system_stm32l0xx.o
                              0x738de (size before relaxing)
 .debug_str     0x0007b22f       0x2f startup/startup_stm32l053xx.o
                                 0x51 (size before relaxing)

.comment        0x00000000       0x7f
 .comment       0x00000000       0x7f Drivers/STM32L0xx_HAL_Driver/Src/stm32l0xx_hal.o
                                 0x80 (size before relaxing)
 .comment       0x0000007f       0x80 Drivers/STM32L0xx_HAL_Driver/Src/stm32l0xx_hal_cortex.o
 .comment       0x0000007f       0x80 Drivers/STM32L0xx_HAL_Driver/Src/stm32l0xx_hal_gpio.o
 .comment       0x0000007f       0x80 Drivers/STM32L0xx_HAL_Driver/Src/stm32l0xx_hal_i2c.o
 .comment       0x0000007f       0x80 Drivers/STM32L0xx_HAL_Driver/Src/stm32l0xx_hal_i2c_ex.o
 .comment       0x0000007f       0x80 Drivers/STM32L0xx_HAL_Driver/Src/stm32l0xx_hal_rcc.o
 .comment       0x0000007f       0x80 Drivers/STM32L0xx_HAL_Driver/Src/stm32l0xx_hal_rcc_ex.o
 .comment       0x0000007f       0x80 Drivers/STM32L0xx_HAL_Driver/Src/stm32l0xx_hal_spi.o
 .comment       0x0000007f       0x80 Drivers/STM32L0xx_HAL_Driver/Src/stm32l0xx_hal_tsc.o
 .comment       0x0000007f       0x80 Drivers/STM32L0xx_HAL_Driver/Src/stm32l0xx_hal_uart.o
 .comment       0x0000007f       0x80 Src/RH_RF95.o
 .comment       0x0000007f       0x80 Src/main.o
 .comment       0x0000007f       0x80 Src/stm32l0xx_hal_msp.o
 .comment       0x0000007f       0x80 Src/stm32l0xx_it.o
 .comment       0x0000007f       0x80 Src/system_stm32l0xx.o

.debug_frame    0x00000000     0x1fd8
 .debug_frame   0x00000000      0x1f4 Drivers/STM32L0xx_HAL_Driver/Src/stm32l0xx_hal.o
 .debug_frame   0x000001f4      0x114 Drivers/STM32L0xx_HAL_Driver/Src/stm32l0xx_hal_cortex.o
 .debug_frame   0x00000308       0xc8 Drivers/STM32L0xx_HAL_Driver/Src/stm32l0xx_hal_gpio.o
 .debug_frame   0x000003d0      0x814 Drivers/STM32L0xx_HAL_Driver/Src/stm32l0xx_hal_i2c.o
 .debug_frame   0x00000be4       0xa8 Drivers/STM32L0xx_HAL_Driver/Src/stm32l0xx_hal_i2c_ex.o
 .debug_frame   0x00000c8c      0x144 Drivers/STM32L0xx_HAL_Driver/Src/stm32l0xx_hal_rcc.o
 .debug_frame   0x00000dd0      0x170 Drivers/STM32L0xx_HAL_Driver/Src/stm32l0xx_hal_rcc_ex.o
 .debug_frame   0x00000f40      0x550 Drivers/STM32L0xx_HAL_Driver/Src/stm32l0xx_hal_spi.o
 .debug_frame   0x00001490      0x184 Drivers/STM32L0xx_HAL_Driver/Src/stm32l0xx_hal_tsc.o
 .debug_frame   0x00001614      0x564 Drivers/STM32L0xx_HAL_Driver/Src/stm32l0xx_hal_uart.o
 .debug_frame   0x00001b78       0xec Src/RH_RF95.o
 .debug_frame   0x00001c64      0x108 Src/main.o
 .debug_frame   0x00001d6c       0xfc Src/stm32l0xx_hal_msp.o
 .debug_frame   0x00001e68       0x68 Src/stm32l0xx_it.o
 .debug_frame   0x00001ed0       0x38 Src/system_stm32l0xx.o
 .debug_frame   0x00001f08       0x20 d:/stm32/plugins/fr.ac6.mcu.externaltools.arm-none.win32_1.17.0.201812190825/tools/compiler/bin/../lib/gcc/arm-none-eabi/7.3.1/thumb/v6-m\libgcc.a(_udivsi3.o)
 .debug_frame   0x00001f28       0x3c d:/stm32/plugins/fr.ac6.mcu.externaltools.arm-none.win32_1.17.0.201812190825/tools/compiler/bin/../lib/gcc/arm-none-eabi/7.3.1/thumb/v6-m\libgcc.a(_udivmoddi4.o)
 .debug_frame   0x00001f64       0x2c d:/stm32/plugins/fr.ac6.mcu.externaltools.arm-none.win32_1.17.0.201812190825/tools/compiler/bin/../lib/gcc/arm-none-eabi/7.3.1/../../../../arm-none-eabi/lib/thumb/v6-m\libc_nano.a(lib_a-init.o)
 .debug_frame   0x00001f90       0x28 d:/stm32/plugins/fr.ac6.mcu.externaltools.arm-none.win32_1.17.0.201812190825/tools/compiler/bin/../lib/gcc/arm-none-eabi/7.3.1/../../../../arm-none-eabi/lib/thumb/v6-m\libc_nano.a(lib_a-memcpy-stub.o)
 .debug_frame   0x00001fb8       0x20 d:/stm32/plugins/fr.ac6.mcu.externaltools.arm-none.win32_1.17.0.201812190825/tools/compiler/bin/../lib/gcc/arm-none-eabi/7.3.1/../../../../arm-none-eabi/lib/thumb/v6-m\libc_nano.a(lib_a-memset.o)
