Archive member included to satisfy reference by file (symbol)

d:/stm32/plugins/fr.ac6.mcu.externaltools.arm-none.win32_1.17.0.201812190825/tools/compiler/bin/../lib/gcc/arm-none-eabi/7.3.1/thumb/v6-m\libgcc.a(_udivsi3.o)
                              Drivers/STM32L0xx_HAL_Driver/Src/stm32l0xx_hal.o (__aeabi_uidiv)
d:/stm32/plugins/fr.ac6.mcu.externaltools.arm-none.win32_1.17.0.201812190825/tools/compiler/bin/../lib/gcc/arm-none-eabi/7.3.1/thumb/v6-m\libgcc.a(_dvmd_tls.o)
                              d:/stm32/plugins/fr.ac6.mcu.externaltools.arm-none.win32_1.17.0.201812190825/tools/compiler/bin/../lib/gcc/arm-none-eabi/7.3.1/thumb/v6-m\libgcc.a(_udivsi3.o) (__aeabi_idiv0)
d:/stm32/plugins/fr.ac6.mcu.externaltools.arm-none.win32_1.17.0.201812190825/tools/compiler/bin/../lib/gcc/arm-none-eabi/7.3.1/thumb/v6-m\libgcc.a(_aeabi_uldivmod.o)
                              Drivers/STM32L0xx_HAL_Driver/Src/stm32l0xx_hal_uart.o (__aeabi_uldivmod)
d:/stm32/plugins/fr.ac6.mcu.externaltools.arm-none.win32_1.17.0.201812190825/tools/compiler/bin/../lib/gcc/arm-none-eabi/7.3.1/thumb/v6-m\libgcc.a(_udivmoddi4.o)
                              d:/stm32/plugins/fr.ac6.mcu.externaltools.arm-none.win32_1.17.0.201812190825/tools/compiler/bin/../lib/gcc/arm-none-eabi/7.3.1/thumb/v6-m\libgcc.a(_aeabi_uldivmod.o) (__udivmoddi4)
d:/stm32/plugins/fr.ac6.mcu.externaltools.arm-none.win32_1.17.0.201812190825/tools/compiler/bin/../lib/gcc/arm-none-eabi/7.3.1/thumb/v6-m\libgcc.a(_clzdi2.o)
                              d:/stm32/plugins/fr.ac6.mcu.externaltools.arm-none.win32_1.17.0.201812190825/tools/compiler/bin/../lib/gcc/arm-none-eabi/7.3.1/thumb/v6-m\libgcc.a(_udivmoddi4.o) (__clzdi2)
d:/stm32/plugins/fr.ac6.mcu.externaltools.arm-none.win32_1.17.0.201812190825/tools/compiler/bin/../lib/gcc/arm-none-eabi/7.3.1/thumb/v6-m\libgcc.a(_clzsi2.o)
                              d:/stm32/plugins/fr.ac6.mcu.externaltools.arm-none.win32_1.17.0.201812190825/tools/compiler/bin/../lib/gcc/arm-none-eabi/7.3.1/thumb/v6-m\libgcc.a(_clzdi2.o) (__clzsi2)
d:/stm32/plugins/fr.ac6.mcu.externaltools.arm-none.win32_1.17.0.201812190825/tools/compiler/bin/../lib/gcc/arm-none-eabi/7.3.1/../../../../arm-none-eabi/lib/thumb/v6-m\libc_nano.a(lib_a-errno.o)
                              Src/syscalls.o (__errno)
d:/stm32/plugins/fr.ac6.mcu.externaltools.arm-none.win32_1.17.0.201812190825/tools/compiler/bin/../lib/gcc/arm-none-eabi/7.3.1/../../../../arm-none-eabi/lib/thumb/v6-m\libc_nano.a(lib_a-exit.o)
                              d:/stm32/plugins/fr.ac6.mcu.externaltools.arm-none.win32_1.17.0.201812190825/tools/compiler/bin/../lib/gcc/arm-none-eabi/7.3.1/../../../../arm-none-eabi/lib/thumb/v6-m/crt0.o (exit)
d:/stm32/plugins/fr.ac6.mcu.externaltools.arm-none.win32_1.17.0.201812190825/tools/compiler/bin/../lib/gcc/arm-none-eabi/7.3.1/../../../../arm-none-eabi/lib/thumb/v6-m\libc_nano.a(lib_a-impure.o)
                              d:/stm32/plugins/fr.ac6.mcu.externaltools.arm-none.win32_1.17.0.201812190825/tools/compiler/bin/../lib/gcc/arm-none-eabi/7.3.1/../../../../arm-none-eabi/lib/thumb/v6-m\libc_nano.a(lib_a-exit.o) (_global_impure_ptr)
d:/stm32/plugins/fr.ac6.mcu.externaltools.arm-none.win32_1.17.0.201812190825/tools/compiler/bin/../lib/gcc/arm-none-eabi/7.3.1/../../../../arm-none-eabi/lib/thumb/v6-m\libc_nano.a(lib_a-init.o)
                              d:/stm32/plugins/fr.ac6.mcu.externaltools.arm-none.win32_1.17.0.201812190825/tools/compiler/bin/../lib/gcc/arm-none-eabi/7.3.1/../../../../arm-none-eabi/lib/thumb/v6-m/crt0.o (__libc_init_array)
d:/stm32/plugins/fr.ac6.mcu.externaltools.arm-none.win32_1.17.0.201812190825/tools/compiler/bin/../lib/gcc/arm-none-eabi/7.3.1/../../../../arm-none-eabi/lib/thumb/v6-m\libc_nano.a(lib_a-memcpy-stub.o)
                              Src/G350.o (memcpy)
d:/stm32/plugins/fr.ac6.mcu.externaltools.arm-none.win32_1.17.0.201812190825/tools/compiler/bin/../lib/gcc/arm-none-eabi/7.3.1/../../../../arm-none-eabi/lib/thumb/v6-m\libc_nano.a(lib_a-memset.o)
                              d:/stm32/plugins/fr.ac6.mcu.externaltools.arm-none.win32_1.17.0.201812190825/tools/compiler/bin/../lib/gcc/arm-none-eabi/7.3.1/../../../../arm-none-eabi/lib/thumb/v6-m/crt0.o (memset)
d:/stm32/plugins/fr.ac6.mcu.externaltools.arm-none.win32_1.17.0.201812190825/tools/compiler/bin/../lib/gcc/arm-none-eabi/7.3.1/../../../../arm-none-eabi/lib/thumb/v6-m\libc_nano.a(lib_a-sprintf.o)
                              Src/Mesh.o (sprintf)
d:/stm32/plugins/fr.ac6.mcu.externaltools.arm-none.win32_1.17.0.201812190825/tools/compiler/bin/../lib/gcc/arm-none-eabi/7.3.1/../../../../arm-none-eabi/lib/thumb/v6-m\libc_nano.a(lib_a-strcat.o)
                              Src/G350.o (strcat)
d:/stm32/plugins/fr.ac6.mcu.externaltools.arm-none.win32_1.17.0.201812190825/tools/compiler/bin/../lib/gcc/arm-none-eabi/7.3.1/../../../../arm-none-eabi/lib/thumb/v6-m\libc_nano.a(lib_a-strcpy.o)
                              Src/G350.o (strcpy)
[...]
Memory Configuration

Name             Origin             Length             Attributes
RAM              0x20000000         0x00002000         xrw
FLASH            0x08000000         0x00010000         xr
*default*        0x00000000         0xffffffff

Linker script and memory map

LOAD d:/stm32/plugins/fr.ac6.mcu.externaltools.arm-none.win32_1.17.0.201812190825/tools/compiler/bin/../lib/gcc/arm-none-eabi/7.3.1/thumb/v6-m/crti.o
LOAD d:/stm32/plugins/fr.ac6.mcu.externaltools.arm-none.win32_1.17.0.201812190825/tools/compiler/bin/../lib/gcc/arm-none-eabi/7.3.1/thumb/v6-m/crtbegin.o
LOAD d:/stm32/plugins/fr.ac6.mcu.externaltools.arm-none.win32_1.17.0.201812190825/tools/compiler/bin/../lib/gcc/arm-none-eabi/7.3.1/../../../../arm-none-eabi/lib/thumb/v6-m/crt0.o
LOAD Drivers/STM32L0xx_HAL_Driver/Src/stm32l0xx_hal.o
LOAD Drivers/STM32L0xx_HAL_Driver/Src/stm32l0xx_hal_cortex.o
LOAD Drivers/STM32L0xx_HAL_Driver/Src/stm32l0xx_hal_dma.o
LOAD Drivers/STM32L0xx_HAL_Driver/Src/stm32l0xx_hal_flash.o
LOAD Drivers/STM32L0xx_HAL_Driver/Src/stm32l0xx_hal_flash_ex.o
LOAD Drivers/STM32L0xx_HAL_Driver/Src/stm32l0xx_hal_flash_ramfunc.o
LOAD Drivers/STM32L0xx_HAL_Driver/Src/stm32l0xx_hal_gpio.o
LOAD Drivers/STM32L0xx_HAL_Driver/Src/stm32l0xx_hal_i2c.o
LOAD Drivers/STM32L0xx_HAL_Driver/Src/stm32l0xx_hal_i2c_ex.o
LOAD Drivers/STM32L0xx_HAL_Driver/Src/stm32l0xx_hal_pwr.o
LOAD Drivers/STM32L0xx_HAL_Driver/Src/stm32l0xx_hal_pwr_ex.o
LOAD Drivers/STM32L0xx_HAL_Driver/Src/stm32l0xx_hal_rcc.o
LOAD Drivers/STM32L0xx_HAL_Driver/Src/stm32l0xx_hal_rcc_ex.o
LOAD Drivers/STM32L0xx_HAL_Driver/Src/stm32l0xx_hal_spi.o
LOAD Drivers/STM32L0xx_HAL_Driver/Src/stm32l0xx_hal_tim.o
LOAD Drivers/STM32L0xx_HAL_Driver/Src/stm32l0xx_hal_tim_ex.o
LOAD Drivers/STM32L0xx_HAL_Driver/Src/stm32l0xx_hal_uart.o
LOAD Drivers/STM32L0xx_HAL_Driver/Src/stm32l0xx_hal_uart_ex.o
LOAD Src/G350.o
LOAD Src/Mesh.o
LOAD Src/RH_RF95.o
LOAD Src/fuel_gauge.o
LOAD Src/main.o
LOAD Src/stm32l0xx_hal_msp.o
LOAD Src/stm32l0xx_it.o
LOAD Src/syscalls.o
LOAD Src/system_stm32l0xx.o
LOAD Src/text_update.o
LOAD startup/startup_stm32l053xx.o
LOAD d:/stm32/plugins/fr.ac6.mcu.externaltools.arm-none.win32_1.17.0.201812190825/tools/compiler/bin/../lib/gcc/arm-none-eabi/7.3.1/../../../../arm-none-eabi/lib/thumb/v6-m\libm.a
START GROUP
LOAD d:/stm32/plugins/fr.ac6.mcu.externaltools.arm-none.win32_1.17.0.201812190825/tools/compiler/bin/../lib/gcc/arm-none-eabi/7.3.1/thumb/v6-m\libgcc.a
LOAD d:/stm32/plugins/fr.ac6.mcu.externaltools.arm-none.win32_1.17.0.201812190825/tools/compiler/bin/../lib/gcc/arm-none-eabi/7.3.1/../../../../arm-none-eabi/lib/thumb/v6-m\libc_nano.a
END GROUP
START GROUP
LOAD d:/stm32/plugins/fr.ac6.mcu.externaltools.arm-none.win32_1.17.0.201812190825/tools/compiler/bin/../lib/gcc/arm-none-eabi/7.3.1/thumb/v6-m\libgcc.a
LOAD d:/stm32/plugins/fr.ac6.mcu.externaltools.arm-none.win32_1.17.0.201812190825/tools/compiler/bin/../lib/gcc/arm-none-eabi/7.3.1/../../../../arm-none-eabi/lib/thumb/v6-m\libc_nano.a
LOAD d:/stm32/plugins/fr.ac6.mcu.externaltools.arm-none.win32_1.17.0.201812190825/tools/compiler/bin/../lib/gcc/arm-none-eabi/7.3.1/../../../../arm-none-eabi/lib/thumb/v6-m\libnosys.a
END GROUP
START GROUP
LOAD d:/stm32/plugins/fr.ac6.mcu.externaltools.arm-none.win32_1.17.0.201812190825/tools/compiler/bin/../lib/gcc/arm-none-eabi/7.3.1/thumb/v6-m\libgcc.a
LOAD d:/stm32/plugins/fr.ac6.mcu.externaltools.arm-none.win32_1.17.0.201812190825/tools/compiler/bin/../lib/gcc/arm-none-eabi/7.3.1/../../../../arm-none-eabi/lib/thumb/v6-m\libc_nano.a
LOAD d:/stm32/plugins/fr.ac6.mcu.externaltools.arm-none.win32_1.17.0.201812190825/tools/compiler/bin/../lib/gcc/arm-none-eabi/7.3.1/../../../../arm-none-eabi/lib/thumb/v6-m\libnosys.a
END GROUP
LOAD d:/stm32/plugins/fr.ac6.mcu.externaltools.arm-none.win32_1.17.0.201812190825/tools/compiler/bin/../lib/gcc/arm-none-eabi/7.3.1/thumb/v6-m/crtend.o
LOAD d:/stm32/plugins/fr.ac6.mcu.externaltools.arm-none.win32_1.17.0.201812190825/tools/compiler/bin/../lib/gcc/arm-none-eabi/7.3.1/thumb/v6-m/crtn.o
                0x20002000                _estack = 0x20002000
                0x00000200                _Min_Heap_Size = 0x200
                0x00000400                _Min_Stack_Size = 0x400

.isr_vector     0x08000000       0xc0
                0x08000000                . = ALIGN (0x4)
 *(.isr_vector)
 .isr_vector    0x08000000       0xc0 startup/startup_stm32l053xx.o
                0x08000000                g_pfnVectors
                0x080000c0                . = ALIGN (0x4)

.text           0x080000c0     0x5768
                0x080000c0                . = ALIGN (0x4)
 *(.text)
 .text          0x080000c0       0x48 d:/stm32/plugins/fr.ac6.mcu.externaltools.arm-none.win32_1.17.0.201812190825/tools/compiler/bin/../lib/gcc/arm-none-eabi/7.3.1/thumb/v6-m/crtbegin.o
 .text          0x08000108      0x114 d:/stm32/plugins/fr.ac6.mcu.externaltools.arm-none.win32_1.17.0.201812190825/tools/compiler/bin/../lib/gcc/arm-none-eabi/7.3.1/thumb/v6-m\libgcc.a(_udivsi3.o)
                0x08000108                __aeabi_uidiv
                0x08000108                __udivsi3
                0x08000214                __aeabi_uidivmod
 .text          0x0800021c        0x4 d:/stm32/plugins/fr.ac6.mcu.externaltools.arm-none.win32_1.17.0.201812190825/tools/compiler/bin/../lib/gcc/arm-none-eabi/7.3.1/thumb/v6-m\libgcc.a(_dvmd_tls.o)
                0x0800021c                __aeabi_idiv0
                0x0800021c                __aeabi_ldiv0
 .text          0x08000220       0x40 d:/stm32/plugins/fr.ac6.mcu.externaltools.arm-none.win32_1.17.0.201812190825/tools/compiler/bin/../lib/gcc/arm-none-eabi/7.3.1/thumb/v6-m\libgcc.a(_aeabi_uldivmod.o)
                0x08000220                __aeabi_uldivmod
 .text          0x08000260      0x184 d:/stm32/plugins/fr.ac6.mcu.externaltools.arm-none.win32_1.17.0.201812190825/tools/compiler/bin/../lib/gcc/arm-none-eabi/7.3.1/thumb/v6-m\libgcc.a(_udivmoddi4.o)
                0x08000260                __udivmoddi4
 .text          0x080003e4       0x18 d:/stm32/plugins/fr.ac6.mcu.externaltools.arm-none.win32_1.17.0.201812190825/tools/compiler/bin/../lib/gcc/arm-none-eabi/7.3.1/thumb/v6-m\libgcc.a(_clzdi2.o)
                0x080003e4                __clzdi2
 .text          0x080003fc       0x3c d:/stm32/plugins/fr.ac6.mcu.externaltools.arm-none.win32_1.17.0.201812190825/tools/compiler/bin/../lib/gcc/arm-none-eabi/7.3.1/thumb/v6-m\libgcc.a(_clzsi2.o)
                0x080003fc                __clzsi2
 .text          0x08000438        0xe d:/stm32/plugins/fr.ac6.mcu.externaltools.arm-none.win32_1.17.0.201812190825/tools/compiler/bin/../lib/gcc/arm-none-eabi/7.3.1/../../../../arm-none-eabi/lib/thumb/v6-m\libc_nano.a(lib_a-strlen.o)
                0x08000438                strlen
 *(.text*)
 *fill*         0x08000446        0x2 
 .text.HAL_InitTick
                0x08000448       0x30 Drivers/STM32L0xx_HAL_Driver/Src/stm32l0xx_hal.o
                0x08000448                HAL_InitTick
 .text.HAL_Init
                0x08000478       0x28 Drivers/STM32L0xx_HAL_Driver/Src/stm32l0xx_hal.o
                0x08000478                HAL_Init
 .text.HAL_IncTick
                0x080004a0       0x10 Drivers/STM32L0xx_HAL_Driver/Src/stm32l0xx_hal.o
                0x080004a0                HAL_IncTick
 .text.HAL_GetTick
                0x080004b0        0xc Drivers/STM32L0xx_HAL_Driver/Src/stm32l0xx_hal.o
                0x080004b0                HAL_GetTick
 .text.HAL_Delay
                0x080004bc       0x1c Drivers/STM32L0xx_HAL_Driver/Src/stm32l0xx_hal.o
                0x080004bc                HAL_Delay
 .text.HAL_NVIC_SetPriority
                0x080004d8       0x60 Drivers/STM32L0xx_HAL_Driver/Src/stm32l0xx_hal_cortex.o
                0x080004d8                HAL_NVIC_SetPriority
 .text.HAL_NVIC_EnableIRQ
                0x08000538       0x14 Drivers/STM32L0xx_HAL_Driver/Src/stm32l0xx_hal_cortex.o
                0x08000538                HAL_NVIC_EnableIRQ
 .text.HAL_NVIC_SystemReset
                0x0800054c       0x1c Drivers/STM32L0xx_HAL_Driver/Src/stm32l0xx_hal_cortex.o
                0x0800054c                HAL_NVIC_SystemReset
 .text.HAL_SYSTICK_Config
                0x08000568       0x38 Drivers/STM32L0xx_HAL_Driver/Src/stm32l0xx_hal_cortex.o
                0x08000568                HAL_SYSTICK_Config
 .text.DMA_SetConfig
                0x080005a0       0x2e Drivers/STM32L0xx_HAL_Driver/Src/stm32l0xx_hal_dma.o
 *fill*         0x080005ce        0x2 
 .text.HAL_DMA_Init
                0x080005d0       0x98 Drivers/STM32L0xx_HAL_Driver/Src/stm32l0xx_hal_dma.o
                0x080005d0                HAL_DMA_Init
 .text.HAL_DMA_Start_IT
                0x08000668       0x76 Drivers/STM32L0xx_HAL_Driver/Src/stm32l0xx_hal_dma.o
                0x08000668                HAL_DMA_Start_IT
 .text.HAL_DMA_Abort
                0x080006de       0x48 Drivers/STM32L0xx_HAL_Driver/Src/stm32l0xx_hal_dma.o
                0x080006de                HAL_DMA_Abort
 .text.HAL_DMA_IRQHandler
                0x08000726       0xba Drivers/STM32L0xx_HAL_Driver/Src/stm32l0xx_hal_dma.o
                0x08000726                HAL_DMA_IRQHandler
 .text.HAL_DMA_GetError
                0x080007e0        0x4 Drivers/STM32L0xx_HAL_Driver/Src/stm32l0xx_hal_dma.o
                0x080007e0                HAL_DMA_GetError
 .text.HAL_GPIO_Init
                0x080007e4      0x18c Drivers/STM32L0xx_HAL_Driver/Src/stm32l0xx_hal_gpio.o
                0x080007e4                HAL_GPIO_Init
 .text.HAL_GPIO_WritePin
                0x08000970        0xc Drivers/STM32L0xx_HAL_Driver/Src/stm32l0xx_hal_gpio.o
                0x08000970                HAL_GPIO_WritePin
 .text.HAL_GPIO_TogglePin
                0x0800097c        0x8 Drivers/STM32L0xx_HAL_Driver/Src/stm32l0xx_hal_gpio.o
                0x0800097c                HAL_GPIO_TogglePin
 .text.HAL_GPIO_EXTI_IRQHandler
                0x08000984       0x1c Drivers/STM32L0xx_HAL_Driver/Src/stm32l0xx_hal_gpio.o
                0x08000984                HAL_GPIO_EXTI_IRQHandler
 .text.I2C_Flush_TXDR
                0x080009a0       0x1e Drivers/STM32L0xx_HAL_Driver/Src/stm32l0xx_hal_i2c.o
 *fill*         0x080009be        0x2 
 .text.I2C_TransferConfig
                0x080009c0       0x2c Drivers/STM32L0xx_HAL_Driver/Src/stm32l0xx_hal_i2c.o
 .text.I2C_IsAcknowledgeFailed
                0x080009ec       0x80 Drivers/STM32L0xx_HAL_Driver/Src/stm32l0xx_hal_i2c.o
 .text.I2C_WaitOnTXISFlagUntilTimeout
                0x08000a6c       0x52 Drivers/STM32L0xx_HAL_Driver/Src/stm32l0xx_hal_i2c.o
 .text.I2C_WaitOnFlagUntilTimeout
                0x08000abe       0x4c Drivers/STM32L0xx_HAL_Driver/Src/stm32l0xx_hal_i2c.o
 *fill*         0x08000b0a        0x2 
 .text.I2C_RequestMemoryWrite
                0x08000b0c       0x74 Drivers/STM32L0xx_HAL_Driver/Src/stm32l0xx_hal_i2c.o
 .text.I2C_RequestMemoryRead
                0x08000b80       0x70 Drivers/STM32L0xx_HAL_Driver/Src/stm32l0xx_hal_i2c.o
 .text.I2C_WaitOnSTOPFlagUntilTimeout
                0x08000bf0       0x4e Drivers/STM32L0xx_HAL_Driver/Src/stm32l0xx_hal_i2c.o
 *fill*         0x08000c3e        0x2 
 .text.HAL_I2C_Init
                0x08000c40       0xcc Drivers/STM32L0xx_HAL_Driver/Src/stm32l0xx_hal_i2c.o
                0x08000c40                HAL_I2C_Init
 .text.HAL_I2C_Mem_Write
                0x08000d0c      0x1a0 Drivers/STM32L0xx_HAL_Driver/Src/stm32l0xx_hal_i2c.o
                0x08000d0c                HAL_I2C_Mem_Write
 .text.HAL_I2C_Mem_Read
                0x08000eac      0x1a8 Drivers/STM32L0xx_HAL_Driver/Src/stm32l0xx_hal_i2c.o
                0x08000eac                HAL_I2C_Mem_Read
 .text.HAL_I2CEx_ConfigAnalogFilter
                0x08001054       0x58 Drivers/STM32L0xx_HAL_Driver/Src/stm32l0xx_hal_i2c_ex.o
                0x08001054                HAL_I2CEx_ConfigAnalogFilter
 .text.HAL_I2CEx_ConfigDigitalFilter
                0x080010ac       0x54 Drivers/STM32L0xx_HAL_Driver/Src/stm32l0xx_hal_i2c_ex.o
                0x080010ac                HAL_I2CEx_ConfigDigitalFilter
 .text.HAL_RCC_GetSysClockFreq
                0x08001100       0xb0 Drivers/STM32L0xx_HAL_Driver/Src/stm32l0xx_hal_rcc.o
                0x08001100                HAL_RCC_GetSysClockFreq
 .text.HAL_RCC_OscConfig
                0x080011b0      0x57c Drivers/STM32L0xx_HAL_Driver/Src/stm32l0xx_hal_rcc.o
                0x080011b0                HAL_RCC_OscConfig
 .text.HAL_RCC_ClockConfig
                0x0800172c      0x1a8 Drivers/STM32L0xx_HAL_Driver/Src/stm32l0xx_hal_rcc.o
                0x0800172c                HAL_RCC_ClockConfig
 .text.HAL_RCC_GetHCLKFreq
                0x080018d4        0xc Drivers/STM32L0xx_HAL_Driver/Src/stm32l0xx_hal_rcc.o
                0x080018d4                HAL_RCC_GetHCLKFreq
 .text.HAL_RCC_GetPCLK1Freq
                0x080018e0       0x20 Drivers/STM32L0xx_HAL_Driver/Src/stm32l0xx_hal_rcc.o
                0x080018e0                HAL_RCC_GetPCLK1Freq
 .text.HAL_RCC_GetPCLK2Freq
                0x08001900       0x20 Drivers/STM32L0xx_HAL_Driver/Src/stm32l0xx_hal_rcc.o
                0x08001900                HAL_RCC_GetPCLK2Freq
 .text.HAL_RCCEx_PeriphCLKConfig
                0x08001920      0x1fc Drivers/STM32L0xx_HAL_Driver/Src/stm32l0xx_hal_rcc_ex.o
                0x08001920                HAL_RCCEx_PeriphCLKConfig
 .text.SPI_WaitFlagStateUntilTimeout
                0x08001b1c       0x9c Drivers/STM32L0xx_HAL_Driver/Src/stm32l0xx_hal_spi.o
 .text.SPI_EndRxTxTransaction
                0x08001bb8       0x5a Drivers/STM32L0xx_HAL_Driver/Src/stm32l0xx_hal_spi.o
 .text.SPI_EndRxTransaction
                0x08001c12       0xa0 Drivers/STM32L0xx_HAL_Driver/Src/stm32l0xx_hal_spi.o
 *fill*         0x08001cb2        0x2 
 .text.HAL_SPI_Init
                0x08001cb4       0x88 Drivers/STM32L0xx_HAL_Driver/Src/stm32l0xx_hal_spi.o
                0x08001cb4                HAL_SPI_Init
 .text.HAL_SPI_Transmit
                0x08001d3c      0x19a Drivers/STM32L0xx_HAL_Driver/Src/stm32l0xx_hal_spi.o
                0x08001d3c                HAL_SPI_Transmit
 .text.HAL_SPI_TransmitReceive
                0x08001ed6      0x22c Drivers/STM32L0xx_HAL_Driver/Src/stm32l0xx_hal_spi.o
                0x08001ed6                HAL_SPI_TransmitReceive
 *fill*         0x08002102        0x2 
 .text.HAL_SPI_Receive
                0x08002104      0x164 Drivers/STM32L0xx_HAL_Driver/Src/stm32l0xx_hal_spi.o
                0x08002104                HAL_SPI_Receive
 .text.TIM_Base_SetConfig
                0x08002268       0x60 Drivers/STM32L0xx_HAL_Driver/Src/stm32l0xx_hal_tim.o
 .text.TIM_TI1_ConfigInputStage
                0x080022c8       0x22 Drivers/STM32L0xx_HAL_Driver/Src/stm32l0xx_hal_tim.o
 *fill*         0x080022ea        0x2 
 .text.TIM_TI2_ConfigInputStage
                0x080022ec       0x28 Drivers/STM32L0xx_HAL_Driver/Src/stm32l0xx_hal_tim.o
 .text.TIM_ITRx_SetConfig
                0x08002314       0x12 Drivers/STM32L0xx_HAL_Driver/Src/stm32l0xx_hal_tim.o
 *fill*         0x08002326        0x2 
 .text.TIM_ETR_SetConfig
                0x08002328       0x18 Drivers/STM32L0xx_HAL_Driver/Src/stm32l0xx_hal_tim.o
 .text.HAL_TIM_Base_Init
                0x08002340       0x34 Drivers/STM32L0xx_HAL_Driver/Src/stm32l0xx_hal_tim.o
                0x08002340                HAL_TIM_Base_Init
 .text.HAL_TIM_Base_Start_IT
                0x08002374       0x22 Drivers/STM32L0xx_HAL_Driver/Src/stm32l0xx_hal_tim.o
                0x08002374                HAL_TIM_Base_Start_IT
 *fill*         0x08002396        0x2 
 .text.HAL_TIM_Base_Stop_IT
                0x08002398       0x24 Drivers/STM32L0xx_HAL_Driver/Src/stm32l0xx_hal_tim.o
                0x08002398                HAL_TIM_Base_Stop_IT
 .text.HAL_TIM_ConfigClockSource
                0x080023bc       0xe4 Drivers/STM32L0xx_HAL_Driver/Src/stm32l0xx_hal_tim.o
                0x080023bc                HAL_TIM_ConfigClockSource
 .text.HAL_TIM_OC_DelayElapsedCallback
                0x080024a0        0x2 Drivers/STM32L0xx_HAL_Driver/Src/stm32l0xx_hal_tim.o
                0x080024a0                HAL_TIM_OC_DelayElapsedCallback
 .text.HAL_TIM_IC_CaptureCallback
                0x080024a2        0x2 Drivers/STM32L0xx_HAL_Driver/Src/stm32l0xx_hal_tim.o
                0x080024a2                HAL_TIM_IC_CaptureCallback
 .text.HAL_TIM_PWM_PulseFinishedCallback
                0x080024a4        0x2 Drivers/STM32L0xx_HAL_Driver/Src/stm32l0xx_hal_tim.o
                0x080024a4                HAL_TIM_PWM_PulseFinishedCallback
 .text.HAL_TIM_TriggerCallback
                0x080024a6        0x2 Drivers/STM32L0xx_HAL_Driver/Src/stm32l0xx_hal_tim.o
                0x080024a6                HAL_TIM_TriggerCallback
 .text.HAL_TIM_IRQHandler
                0x080024a8      0x122 Drivers/STM32L0xx_HAL_Driver/Src/stm32l0xx_hal_tim.o
                0x080024a8                HAL_TIM_IRQHandler
 .text.HAL_TIMEx_MasterConfigSynchronization
                0x080025ca       0x46 Drivers/STM32L0xx_HAL_Driver/Src/stm32l0xx_hal_tim_ex.o
                0x080025ca                HAL_TIMEx_MasterConfigSynchronization
 .text.UART_EndTxTransfer
                0x08002610       0x10 Drivers/STM32L0xx_HAL_Driver/Src/stm32l0xx_hal_uart.o
 .text.UART_EndRxTransfer
                0x08002620       0x24 Drivers/STM32L0xx_HAL_Driver/Src/stm32l0xx_hal_uart.o
 .text.HAL_UART_Receive_DMA
                0x08002644       0xcc Drivers/STM32L0xx_HAL_Driver/Src/stm32l0xx_hal_uart.o
                0x08002644                HAL_UART_Receive_DMA
 .text.HAL_UART_DMAStop
                0x08002710       0x8a Drivers/STM32L0xx_HAL_Driver/Src/stm32l0xx_hal_uart.o
                0x08002710                HAL_UART_DMAStop
 .text.HAL_UART_RxCpltCallback
                0x0800279a        0x2 Drivers/STM32L0xx_HAL_Driver/Src/stm32l0xx_hal_uart.o
                0x0800279a                HAL_UART_RxCpltCallback
 .text.UART_DMAReceiveCplt
                0x0800279c       0x44 Drivers/STM32L0xx_HAL_Driver/Src/stm32l0xx_hal_uart.o
 .text.HAL_UART_RxHalfCpltCallback
                0x080027e0        0x2 Drivers/STM32L0xx_HAL_Driver/Src/stm32l0xx_hal_uart.o
                0x080027e0                HAL_UART_RxHalfCpltCallback
 .text.UART_DMARxHalfCplt
                0x080027e2        0xa Drivers/STM32L0xx_HAL_Driver/Src/stm32l0xx_hal_uart.o
 .text.HAL_UART_ErrorCallback
                0x080027ec        0x2 Drivers/STM32L0xx_HAL_Driver/Src/stm32l0xx_hal_uart.o
                0x080027ec                HAL_UART_ErrorCallback
 .text.UART_DMAError
                0x080027ee       0x4c Drivers/STM32L0xx_HAL_Driver/Src/stm32l0xx_hal_uart.o
 *fill*         0x0800283a        0x2 
 .text.UART_SetConfig
                0x0800283c      0x368 Drivers/STM32L0xx_HAL_Driver/Src/stm32l0xx_hal_uart.o
                0x0800283c                UART_SetConfig
 .text.UART_AdvFeatureConfig
                0x08002ba4       0xe0 Drivers/STM32L0xx_HAL_Driver/Src/stm32l0xx_hal_uart.o
                0x08002ba4                UART_AdvFeatureConfig
 .text.UART_WaitOnFlagUntilTimeout
                0x08002c84       0x68 Drivers/STM32L0xx_HAL_Driver/Src/stm32l0xx_hal_uart.o
                0x08002c84                UART_WaitOnFlagUntilTimeout
 .text.HAL_UART_Transmit
                0x08002cec       0xec Drivers/STM32L0xx_HAL_Driver/Src/stm32l0xx_hal_uart.o
                0x08002cec                HAL_UART_Transmit
 .text.UART_CheckIdleState
                0x08002dd8       0x6c Drivers/STM32L0xx_HAL_Driver/Src/stm32l0xx_hal_uart.o
                0x08002dd8                UART_CheckIdleState
 .text.HAL_UART_Init
                0x08002e44       0x6c Drivers/STM32L0xx_HAL_Driver/Src/stm32l0xx_hal_uart.o
                0x08002e44                HAL_UART_Init
 .text.OK_PRESENCE
                0x08002eb0       0x2a Src/G350.o
                0x08002eb0                OK_PRESENCE
 *fill*         0x08002eda        0x2 
 .text.GSM_Check_Signal
                0x08002edc       0xf0 Src/G350.o
                0x08002edc                GSM_Check_Signal
 .text.GSM_UART_Transmit_Wait
                0x08002fcc       0xb0 Src/G350.o
                0x08002fcc                GSM_UART_Transmit_Wait
 .text.Attempt_GSM_UART_Transmit_Wait
                0x0800307c       0x2c Src/G350.o
                0x0800307c                Attempt_GSM_UART_Transmit_Wait
 .text.GSM_Init
                0x080030a8       0x94 Src/G350.o
                0x080030a8                GSM_Init
 .text.GSM_UART_Transmit_Msg
                0x0800313c       0xac Src/G350.o
                0x0800313c                GSM_UART_Transmit_Msg
 .text.Attempt_GSM_UART_Transmit_Msg
                0x080031e8       0x74 Src/G350.o
                0x080031e8                Attempt_GSM_UART_Transmit_Msg
 .text.GSM_Send_Text
                0x0800325c       0x30 Src/G350.o
                0x0800325c                GSM_Send_Text
 .text.Init_timeout
                0x0800328c       0x24 Src/Mesh.o
                0x0800328c                Init_timeout
 .text.Update_timeout
                0x080032b0       0x74 Src/Mesh.o
                0x080032b0                Update_timeout
 .text.Delete_timeout
                0x08003324       0x3c Src/Mesh.o
                0x08003324                Delete_timeout
 .text.print_timeout
                0x08003360       0x48 Src/Mesh.o
                0x08003360                print_timeout
 .text.Init_RT  0x080033a8       0x5c Src/Mesh.o
                0x080033a8                Init_RT
 .text.Convert_Table_to_Pkt
                0x08003404       0xd0 Src/Mesh.o
                0x08003404                Convert_Table_to_Pkt
 .text.Convert_Pkt_to_Table
                0x080034d4       0xdc Src/Mesh.o
                0x080034d4                Convert_Pkt_to_Table
 .text.Print_RT
                0x080035b0       0xac Src/Mesh.o
                0x080035b0                Print_RT
 .text.Update_Self
                0x0800365c       0x58 Src/Mesh.o
                0x0800365c                Update_Self
 .text.Delete_Router
                0x080036b4       0xb0 Src/Mesh.o
                0x080036b4                Delete_Router
 .text.Check_timeout
                0x08003764       0x68 Src/Mesh.o
                0x08003764                Check_timeout
 .text.Update_Packet
                0x080037cc      0x31c Src/Mesh.o
                0x080037cc                Update_Packet
 .text.spiWrite
                0x08003ae8       0x58 Src/RH_RF95.o
                0x08003ae8                spiWrite
 .text.setModeRx
                0x08003b40       0x7c Src/RH_RF95.o
                0x08003b40                setModeRx
 .text.setModeTx
                0x08003bbc       0x7c Src/RH_RF95.o
                0x08003bbc                setModeTx
 .text.spiBurstWrite
                0x08003c38       0x5e Src/RH_RF95.o
                0x08003c38                spiBurstWrite
 .text.send     0x08003c96       0xa0 Src/RH_RF95.o
                0x08003c96                send
 .text.spiRead  0x08003d36       0x4e Src/RH_RF95.o
                0x08003d36                spiRead
 .text.RF95_init
                0x08003d84      0x1d8 Src/RH_RF95.o
                0x08003d84                RF95_init
 .text.spiReadbuff
                0x08003f5c       0xa8 Src/RH_RF95.o
                0x08003f5c                spiReadbuff
 .text.FG_I2C_Setup
                0x08004004      0x28c Src/fuel_gauge.o
                0x08004004                FG_I2C_Setup
 .text.FG_I2C_Read_SOC
                0x08004290       0x26 Src/fuel_gauge.o
                0x08004290                FG_I2C_Read_SOC
 *fill*         0x080042b6        0x2 
 .text.MX_GPIO_Init
                0x080042b8       0xa8 Src/main.o
 .text.MX_DMA_Init
                0x08004360       0x40 Src/main.o
 .text.MX_SPI2_Init
                0x080043a0       0x3c Src/main.o
 .text.MX_USART1_UART_Init
                0x080043dc       0x30 Src/main.o
 .text.MX_USART2_UART_Init
                0x0800440c       0x30 Src/main.o
 .text.MX_I2C2_Init
                0x0800443c       0x44 Src/main.o
 .text.MX_TIM2_Init
                0x08004480       0x64 Src/main.o
 .text.MX_TIM6_Init
                0x080044e4       0x3c Src/main.o
 .text.set_tim2
                0x08004520       0x2c Src/main.o
                0x08004520                set_tim2
 .text.HAL_TIM_PeriodElapsedCallback
                0x0800454c       0x48 Src/main.o
                0x0800454c                HAL_TIM_PeriodElapsedCallback
 .text.HAL_GPIO_EXTI_Callback
                0x08004594       0x30 Src/main.o
                0x08004594                HAL_GPIO_EXTI_Callback
 .text.UART_send
                0x080045c4       0x34 Src/main.o
                0x080045c4                UART_send
 .text.Update_Fire
                0x080045f8       0xb0 Src/main.o
                0x080045f8                Update_Fire
 .text.SystemClock_Config
                0x080046a8       0x84 Src/main.o
                0x080046a8                SystemClock_Config
 .text.main     0x0800472c      0x360 Src/main.o
                0x0800472c                main
 .text.Error_Handler
                0x08004a8c        0x2 Src/main.o
                0x08004a8c                Error_Handler
 *fill*         0x08004a8e        0x2 
 .text.HAL_MspInit
                0x08004a90       0x1c Src/stm32l0xx_hal_msp.o
                0x08004a90                HAL_MspInit
 .text.HAL_I2C_MspInit
                0x08004aac       0x64 Src/stm32l0xx_hal_msp.o
                0x08004aac                HAL_I2C_MspInit
 .text.HAL_SPI_MspInit
                0x08004b10       0x5c Src/stm32l0xx_hal_msp.o
                0x08004b10                HAL_SPI_MspInit
 .text.HAL_TIM_Base_MspInit
                0x08004b6c       0x44 Src/stm32l0xx_hal_msp.o
                0x08004b6c                HAL_TIM_Base_MspInit
 .text.HAL_UART_MspInit
                0x08004bb0      0x108 Src/stm32l0xx_hal_msp.o
                0x08004bb0                HAL_UART_MspInit
 .text.NMI_Handler
                0x08004cb8        0x2 Src/stm32l0xx_it.o
                0x08004cb8                NMI_Handler
 .text.HardFault_Handler
                0x08004cba        0x2 Src/stm32l0xx_it.o
                0x08004cba                HardFault_Handler
 .text.SVC_Handler
                0x08004cbc        0x2 Src/stm32l0xx_it.o
                0x08004cbc                SVC_Handler
 .text.PendSV_Handler
                0x08004cbe        0x2 Src/stm32l0xx_it.o
                0x08004cbe                PendSV_Handler
 .text.SysTick_Handler
                0x08004cc0        0x8 Src/stm32l0xx_it.o
                0x08004cc0                SysTick_Handler
 .text.EXTI4_15_IRQHandler
                0x08004cc8        0xc Src/stm32l0xx_it.o
                0x08004cc8                EXTI4_15_IRQHandler
 .text.DMA1_Channel2_3_IRQHandler
                0x08004cd4       0x10 Src/stm32l0xx_it.o
                0x08004cd4                DMA1_Channel2_3_IRQHandler
 .text.DMA1_Channel4_5_6_7_IRQHandler
                0x08004ce4       0x10 Src/stm32l0xx_it.o
                0x08004ce4                DMA1_Channel4_5_6_7_IRQHandler
 .text.TIM2_IRQHandler
                0x08004cf4       0x10 Src/stm32l0xx_it.o
                0x08004cf4                TIM2_IRQHandler
 .text._sbrk    0x08004d04       0x3c Src/syscalls.o
                0x08004d04                _sbrk
 .text.SystemInit
                0x08004d40       0x5c Src/system_stm32l0xx.o
                0x08004d40                SystemInit
 .text.text_update
                0x08004d9c      0x180 Src/text_update.o
                0x08004d9c                text_update
 .text.Reset_Handler
                0x08004f1c       0x50 startup/startup_stm32l053xx.o
                0x08004f1c                Reset_Handler
 .text.Default_Handler
                0x08004f6c        0x2 startup/startup_stm32l053xx.o
                0x08004f6c                TSC_IRQHandler
                0x08004f6c                ADC1_COMP_IRQHandler
                0x08004f6c                PVD_IRQHandler
                0x08004f6c                I2C1_IRQHandler
                0x08004f6c                RCC_CRS_IRQHandler
                0x08004f6c                SPI1_IRQHandler
                0x08004f6c                TIM6_DAC_IRQHandler
                0x08004f6c                EXTI2_3_IRQHandler
                0x08004f6c                I2C2_IRQHandler
                0x08004f6c                RTC_IRQHandler
                0x08004f6c                LCD_IRQHandler
                0x08004f6c                DMA1_Channel1_IRQHandler
                0x08004f6c                Default_Handler
                0x08004f6c                TIM22_IRQHandler
                0x08004f6c                EXTI0_1_IRQHandler
                0x08004f6c                USB_IRQHandler
                0x08004f6c                SPI2_IRQHandler
                0x08004f6c                TIM21_IRQHandler
                0x08004f6c                WWDG_IRQHandler
                0x08004f6c                USART2_IRQHandler
                0x08004f6c                FLASH_IRQHandler
                0x08004f6c                USART1_IRQHandler
                0x08004f6c                RNG_LPUART1_IRQHandler
                0x08004f6c                LPTIM1_IRQHandler
 *fill*         0x08004f6e        0x2 
 .text.__errno  0x08004f70        0xc d:/stm32/plugins/fr.ac6.mcu.externaltools.arm-none.win32_1.17.0.201812190825/tools/compiler/bin/../lib/gcc/arm-none-eabi/7.3.1/../../../../arm-none-eabi/lib/thumb/v6-m\libc_nano.a(lib_a-errno.o)
                0x08004f70                __errno
 .text.__libc_init_array
                0x08004f7c       0x48 d:/stm32/plugins/fr.ac6.mcu.externaltools.arm-none.win32_1.17.0.201812190825/tools/compiler/bin/../lib/gcc/arm-none-eabi/7.3.1/../../../../arm-none-eabi/lib/thumb/v6-m\libc_nano.a(lib_a-init.o)
                0x08004f7c                __libc_init_array
 .text.memcpy   0x08004fc4       0x12 d:/stm32/plugins/fr.ac6.mcu.externaltools.arm-none.win32_1.17.0.201812190825/tools/compiler/bin/../lib/gcc/arm-none-eabi/7.3.1/../../../../arm-none-eabi/lib/thumb/v6-m\libc_nano.a(lib_a-memcpy-stub.o)
                0x08004fc4                memcpy
 .text.memset   0x08004fd6       0x10 d:/stm32/plugins/fr.ac6.mcu.externaltools.arm-none.win32_1.17.0.201812190825/tools/compiler/bin/../lib/gcc/arm-none-eabi/7.3.1/../../../../arm-none-eabi/lib/thumb/v6-m\libc_nano.a(lib_a-memset.o)
                0x08004fd6                memset
 *fill*         0x08004fe6        0x2 
 .text.sprintf  0x08004fe8       0x40 d:/stm32/plugins/fr.ac6.mcu.externaltools.arm-none.win32_1.17.0.201812190825/tools/compiler/bin/../lib/gcc/arm-none-eabi/7.3.1/../../../../arm-none-eabi/lib/thumb/v6-m\libc_nano.a(lib_a-sprintf.o)
                0x08004fe8                siprintf
                0x08004fe8                sprintf
 .text.strcat   0x08005028       0x1c d:/stm32/plugins/fr.ac6.mcu.externaltools.arm-none.win32_1.17.0.201812190825/tools/compiler/bin/../lib/gcc/arm-none-eabi/7.3.1/../../../../arm-none-eabi/lib/thumb/v6-m\libc_nano.a(lib_a-strcat.o)
                0x08005028                strcat
 .text.strcpy   0x08005044       0x10 d:/stm32/plugins/fr.ac6.mcu.externaltools.arm-none.win32_1.17.0.201812190825/tools/compiler/bin/../lib/gcc/arm-none-eabi/7.3.1/../../../../arm-none-eabi/lib/thumb/v6-m\libc_nano.a(lib_a-strcpy.o)
                0x08005044                strcpy
 .text.__ssputs_r
                0x08005054       0xc4 d:/stm32/plugins/fr.ac6.mcu.externaltools.arm-none.win32_1.17.0.201812190825/tools/compiler/bin/../lib/gcc/arm-none-eabi/7.3.1/../../../../arm-none-eabi/lib/thumb/v6-m\libc_nano.a(lib_a-nano-svfprintf.o)
                0x08005054                __ssputs_r
 .text._svfprintf_r
                0x08005118      0x1fc d:/stm32/plugins/fr.ac6.mcu.externaltools.arm-none.win32_1.17.0.201812190825/tools/compiler/bin/../lib/gcc/arm-none-eabi/7.3.1/../../../../arm-none-eabi/lib/thumb/v6-m\libc_nano.a(lib_a-nano-svfprintf.o)
                0x08005118                _svfiprintf_r
                0x08005118                _svfprintf_r
 .text._printf_common
                0x08005314       0xda d:/stm32/plugins/fr.ac6.mcu.externaltools.arm-none.win32_1.17.0.201812190825/tools/compiler/bin/../lib/gcc/arm-none-eabi/7.3.1/../../../../arm-none-eabi/lib/thumb/v6-m\libc_nano.a(lib_a-nano-vfprintf_i.o)
                0x08005314                _printf_common
 *fill*         0x080053ee        0x2 
 .text._printf_i
                0x080053f0      0x210 d:/stm32/plugins/fr.ac6.mcu.externaltools.arm-none.win32_1.17.0.201812190825/tools/compiler/bin/../lib/gcc/arm-none-eabi/7.3.1/../../../../arm-none-eabi/lib/thumb/v6-m\libc_nano.a(lib_a-nano-vfprintf_i.o)
                0x080053f0                _printf_i
 .text.memchr   0x08005600       0x16 d:/stm32/plugins/fr.ac6.mcu.externaltools.arm-none.win32_1.17.0.201812190825/tools/compiler/bin/../lib/gcc/arm-none-eabi/7.3.1/../../../../arm-none-eabi/lib/thumb/v6-m\libc_nano.a(lib_a-memchr-stub.o)
                0x08005600                memchr
 .text.memmove  0x08005616       0x26 d:/stm32/plugins/fr.ac6.mcu.externaltools.arm-none.win32_1.17.0.201812190825/tools/compiler/bin/../lib/gcc/arm-none-eabi/7.3.1/../../../../arm-none-eabi/lib/thumb/v6-m\libc_nano.a(lib_a-memmove.o)
                0x08005616                memmove
 .text._free_r  0x0800563c       0x94 d:/stm32/plugins/fr.ac6.mcu.externaltools.arm-none.win32_1.17.0.201812190825/tools/compiler/bin/../lib/gcc/arm-none-eabi/7.3.1/../../../../arm-none-eabi/lib/thumb/v6-m\libc_nano.a(lib_a-nano-freer.o)
                0x0800563c                _free_r
 .text._malloc_r
                0x080056d0       0xbc d:/stm32/plugins/fr.ac6.mcu.externaltools.arm-none.win32_1.17.0.201812190825/tools/compiler/bin/../lib/gcc/arm-none-eabi/7.3.1/../../../../arm-none-eabi/lib/thumb/v6-m\libc_nano.a(lib_a-nano-mallocr.o)
                0x080056d0                _malloc_r
 .text._realloc_r
                0x0800578c       0x4c d:/stm32/plugins/fr.ac6.mcu.externaltools.arm-none.win32_1.17.0.201812190825/tools/compiler/bin/../lib/gcc/arm-none-eabi/7.3.1/../../../../arm-none-eabi/lib/thumb/v6-m\libc_nano.a(lib_a-nano-reallocr.o)
                0x0800578c                _realloc_r
 .text._sbrk_r  0x080057d8       0x24 d:/stm32/plugins/fr.ac6.mcu.externaltools.arm-none.win32_1.17.0.201812190825/tools/compiler/bin/../lib/gcc/arm-none-eabi/7.3.1/../../../../arm-none-eabi/lib/thumb/v6-m\libc_nano.a(lib_a-sbrkr.o)
                0x080057d8                _sbrk_r
 .text.__malloc_lock
                0x080057fc        0x2 d:/stm32/plugins/fr.ac6.mcu.externaltools.arm-none.win32_1.17.0.201812190825/tools/compiler/bin/../lib/gcc/arm-none-eabi/7.3.1/../../../../arm-none-eabi/lib/thumb/v6-m\libc_nano.a(lib_a-mlock.o)
                0x080057fc                __malloc_lock
 .text.__malloc_unlock
                0x080057fe        0x2 d:/stm32/plugins/fr.ac6.mcu.externaltools.arm-none.win32_1.17.0.201812190825/tools/compiler/bin/../lib/gcc/arm-none-eabi/7.3.1/../../../../arm-none-eabi/lib/thumb/v6-m\libc_nano.a(lib_a-mlock.o)
                0x080057fe                __malloc_unlock
 .text._malloc_usable_size_r
                0x08005800       0x10 d:/stm32/plugins/fr.ac6.mcu.externaltools.arm-none.win32_1.17.0.201812190825/tools/compiler/bin/../lib/gcc/arm-none-eabi/7.3.1/../../../../arm-none-eabi/lib/thumb/v6-m\libc_nano.a(lib_a-nano-msizer.o)
                0x08005800                _malloc_usable_size_r
 *(.glue_7)
 .glue_7        0x08005810        0x0 linker stubs
 *(.glue_7t)
 .glue_7t       0x08005810        0x0 linker stubs
 *(.eh_frame)
 .eh_frame      0x08005810        0x0 d:/stm32/plugins/fr.ac6.mcu.externaltools.arm-none.win32_1.17.0.201812190825/tools/compiler/bin/../lib/gcc/arm-none-eabi/7.3.1/thumb/v6-m/crtbegin.o
 *(.init)
 .init          0x08005810        0x4 d:/stm32/plugins/fr.ac6.mcu.externaltools.arm-none.win32_1.17.0.201812190825/tools/compiler/bin/../lib/gcc/arm-none-eabi/7.3.1/thumb/v6-m/crti.o
                0x08005810                _init
 .init          0x08005814        0x8 d:/stm32/plugins/fr.ac6.mcu.externaltools.arm-none.win32_1.17.0.201812190825/tools/compiler/bin/../lib/gcc/arm-none-eabi/7.3.1/thumb/v6-m/crtn.o
 *(.fini)
 .fini          0x0800581c        0x4 d:/stm32/plugins/fr.ac6.mcu.externaltools.arm-none.win32_1.17.0.201812190825/tools/compiler/bin/../lib/gcc/arm-none-eabi/7.3.1/thumb/v6-m/crti.o
                0x0800581c                _fini
 .fini          0x08005820        0x8 d:/stm32/plugins/fr.ac6.mcu.externaltools.arm-none.win32_1.17.0.201812190825/tools/compiler/bin/../lib/gcc/arm-none-eabi/7.3.1/thumb/v6-m/crtn.o
                0x08005828                . = ALIGN (0x4)
                0x08005828                _etext = .

.vfp11_veneer   0x08005828        0x0
 .vfp11_veneer  0x08005828        0x0 linker stubs

.v4_bx          0x08005828        0x0
 .v4_bx         0x08005828        0x0 linker stubs

.iplt           0x08005828        0x0
 .iplt          0x08005828        0x0 d:/stm32/plugins/fr.ac6.mcu.externaltools.arm-none.win32_1.17.0.201812190825/tools/compiler/bin/../lib/gcc/arm-none-eabi/7.3.1/thumb/v6-m/crtbegin.o

.rodata         0x08005828      0x29c
                0x08005828                . = ALIGN (0x4)
 *(.rodata)
 .rodata        0x08005828       0x48 Drivers/STM32L0xx_HAL_Driver/Src/stm32l0xx_hal_uart.o
 .rodata        0x08005870       0x19 Src/G350.o
 *fill*         0x08005889        0x3 
 .rodata        0x0800588c        0xa Src/fuel_gauge.o
 *fill*         0x08005896        0x2 
 .rodata        0x08005898       0x24 Src/system_stm32l0xx.o
                0x08005898                PLLMulTable
                0x080058a4                AHBPrescTable
                0x080058b4                APBPrescTable
 *(.rodata*)
 .rodata.str1.4
                0x080058bc       0x5e Src/G350.o
                                 0x62 (size before relaxing)
 *fill*         0x0800591a        0x2 
 .rodata.str1.4
                0x0800591c       0xdb Src/Mesh.o
 *fill*         0x080059f7        0x1 
 .rodata.str1.4
                0x080059f8       0x98 Src/main.o
                                 0x9a (size before relaxing)
 .rodata._svfprintf_r.str1.1
                0x08005a90       0x11 d:/stm32/plugins/fr.ac6.mcu.externaltools.arm-none.win32_1.17.0.201812190825/tools/compiler/bin/../lib/gcc/arm-none-eabi/7.3.1/../../../../arm-none-eabi/lib/thumb/v6-m\libc_nano.a(lib_a-nano-svfprintf.o)
 .rodata._printf_i.str1.1
                0x08005aa1       0x22 d:/stm32/plugins/fr.ac6.mcu.externaltools.arm-none.win32_1.17.0.201812190825/tools/compiler/bin/../lib/gcc/arm-none-eabi/7.3.1/../../../../arm-none-eabi/lib/thumb/v6-m\libc_nano.a(lib_a-nano-vfprintf_i.o)
                0x08005ac4                . = ALIGN (0x4)
 *fill*         0x08005ac3        0x1 

.ARM.extab
 *(.ARM.extab* .gnu.linkonce.armextab.*)

.ARM            0x08005ac4        0x8
                0x08005ac4                __exidx_start = .
 *(.ARM.exidx*)
 .ARM.exidx     0x08005ac4        0x8 d:/stm32/plugins/fr.ac6.mcu.externaltools.arm-none.win32_1.17.0.201812190825/tools/compiler/bin/../lib/gcc/arm-none-eabi/7.3.1/thumb/v6-m\libgcc.a(_udivmoddi4.o)
                0x08005acc                __exidx_end = .

.rel.dyn        0x08005acc        0x0
 .rel.iplt      0x08005acc        0x0 d:/stm32/plugins/fr.ac6.mcu.externaltools.arm-none.win32_1.17.0.201812190825/tools/compiler/bin/../lib/gcc/arm-none-eabi/7.3.1/thumb/v6-m/crtbegin.o

.preinit_array  0x08005acc        0x0
                0x08005acc                PROVIDE (__preinit_array_start = .)
 *(.preinit_array*)
                0x08005acc                PROVIDE (__preinit_array_end = .)

.init_array     0x08005acc        0x4
                0x08005acc                PROVIDE (__init_array_start = .)
 *(SORT_BY_NAME(.init_array.*))
 *(.init_array*)
 .init_array    0x08005acc        0x4 d:/stm32/plugins/fr.ac6.mcu.externaltools.arm-none.win32_1.17.0.201812190825/tools/compiler/bin/../lib/gcc/arm-none-eabi/7.3.1/thumb/v6-m/crtbegin.o
                0x08005ad0                PROVIDE (__init_array_end = .)

.fini_array     0x08005ad0        0x4
                [!provide]                PROVIDE (__fini_array_start = .)
 *(SORT_BY_NAME(.fini_array.*))
 *(.fini_array*)
 .fini_array    0x08005ad0        0x4 d:/stm32/plugins/fr.ac6.mcu.externaltools.arm-none.win32_1.17.0.201812190825/tools/compiler/bin/../lib/gcc/arm-none-eabi/7.3.1/thumb/v6-m/crtbegin.o
                [!provide]                PROVIDE (__fini_array_end = .)
                0x08005ad4                _sidata = LOADADDR (.data)

.data           0x20000000       0x68 load address 0x08005ad4
                0x20000000                . = ALIGN (0x4)
                0x20000000                _sdata = .
 *(.data)
 .data          0x20000000        0x4 Src/system_stm32l0xx.o
                0x20000000                SystemCoreClock
 *(.data*)
 .data._impure_ptr
                0x20000004        0x4 d:/stm32/plugins/fr.ac6.mcu.externaltools.arm-none.win32_1.17.0.201812190825/tools/compiler/bin/../lib/gcc/arm-none-eabi/7.3.1/../../../../arm-none-eabi/lib/thumb/v6-m\libc_nano.a(lib_a-impure.o)
                0x20000004                _impure_ptr
 .data.impure_data
                0x20000008       0x60 d:/stm32/plugins/fr.ac6.mcu.externaltools.arm-none.win32_1.17.0.201812190825/tools/compiler/bin/../lib/gcc/arm-none-eabi/7.3.1/../../../../arm-none-eabi/lib/thumb/v6-m\libc_nano.a(lib_a-impure.o)
                0x20000068                . = ALIGN (0x4)
                0x20000068                _edata = .

.igot.plt       0x20000068        0x0 load address 0x08005b3c
 .igot.plt      0x20000068        0x0 d:/stm32/plugins/fr.ac6.mcu.externaltools.arm-none.win32_1.17.0.201812190825/tools/compiler/bin/../lib/gcc/arm-none-eabi/7.3.1/thumb/v6-m/crtbegin.o
                0x20000068                . = ALIGN (0x4)

.bss            0x20000068      0x5c0 load address 0x08005b3c
                0x20000068                _sbss = .
                0x20000068                __bss_start__ = _sbss
 *(.bss)
 .bss           0x20000068       0x1c d:/stm32/plugins/fr.ac6.mcu.externaltools.arm-none.win32_1.17.0.201812190825/tools/compiler/bin/../lib/gcc/arm-none-eabi/7.3.1/thumb/v6-m/crtbegin.o
 .bss           0x20000084      0x108 Src/main.o
                0x20000084                first
                0x20000088                TIMEOUT_interrupt
                0x20000089                LORA_interrupt
                0x2000008a                fireBuffer
                0x2000008b                emergency
                0x2000008c                fireBuffer_A
 .bss           0x2000018c        0x8 Src/syscalls.o
                0x20000190                __env
 *(.bss*)
 .bss.__malloc_free_list
                0x20000194        0x4 d:/stm32/plugins/fr.ac6.mcu.externaltools.arm-none.win32_1.17.0.201812190825/tools/compiler/bin/../lib/gcc/arm-none-eabi/7.3.1/../../../../arm-none-eabi/lib/thumb/v6-m\libc_nano.a(lib_a-nano-mallocr.o)
                0x20000194                __malloc_free_list
 .bss.__malloc_sbrk_start
                0x20000198        0x4 d:/stm32/plugins/fr.ac6.mcu.externaltools.arm-none.win32_1.17.0.201812190825/tools/compiler/bin/../lib/gcc/arm-none-eabi/7.3.1/../../../../arm-none-eabi/lib/thumb/v6-m\libc_nano.a(lib_a-nano-mallocr.o)
                0x20000198                __malloc_sbrk_start
 *(COMMON)
 COMMON         0x2000019c        0x4 Drivers/STM32L0xx_HAL_Driver/Src/stm32l0xx_hal.o
                0x2000019c                uwTick
 COMMON         0x200001a0      0x1d8 Src/Mesh.o
                0x200001a0                self_ID
                0x200001a1                self_signal
                0x200001a4                recv_rt
                0x2000024e                sender_ID
                0x20000250                rt
                0x200002fc                timeout
                0x20000374                self_battery
                0x20000375                self_fire
                0x20000376                resp_ACK_UUID
                0x20000377                req_ACK_UUID
 COMMON         0x20000378      0x2ac Src/main.o
                0x20000378                hdma_usart2_rx
                0x200003c0                hspi2
                0x20000418                hi2c2
                0x20000464                hdma_usart1_rx
                0x200004ac                huart1
                0x2000052c                htim6
                0x20000568                htim2
                0x200005a4                huart2
 COMMON         0x20000624        0x4 d:/stm32/plugins/fr.ac6.mcu.externaltools.arm-none.win32_1.17.0.201812190825/tools/compiler/bin/../lib/gcc/arm-none-eabi/7.3.1/../../../../arm-none-eabi/lib/thumb/v6-m\libc_nano.a(lib_a-reent.o)
                0x20000624                errno
                0x20000628                . = ALIGN (0x4)
                0x20000628                _ebss = .
                0x20000628                __bss_end__ = _ebss

._user_heap_stack
                0x20000628      0x600 load address 0x08005b3c
                0x20000628                . = ALIGN (0x8)
                0x20000628                PROVIDE (end = .)
                [!provide]                PROVIDE (_end = .)
                0x20000828                . = (. + _Min_Heap_Size)
 *fill*         0x20000628      0x200 
                0x20000c28                . = (. + _Min_Stack_Size)
 *fill*         0x20000828      0x400 
                0x20000c28                . = ALIGN (0x8)

/DISCARD/
 libc.a(*)
 libm.a(*)
 libgcc.a(*)

.ARM.attributes
                0x00000000       0x28
 *(.ARM.attributes)
 .ARM.attributes
                0x00000000       0x1e d:/stm32/plugins/fr.ac6.mcu.externaltools.arm-none.win32_1.17.0.201812190825/tools/compiler/bin/../lib/gcc/arm-none-eabi/7.3.1/thumb/v6-m/crti.o
 .ARM.attributes
                0x0000001e       0x2c d:/stm32/plugins/fr.ac6.mcu.externaltools.arm-none.win32_1.17.0.201812190825/tools/compiler/bin/../lib/gcc/arm-none-eabi/7.3.1/thumb/v6-m/crtbegin.o
 .ARM.attributes
                0x0000004a       0x32 Drivers/STM32L0xx_HAL_Driver/Src/stm32l0xx_hal.o
 .ARM.attributes
                0x0000007c       0x32 Drivers/STM32L0xx_HAL_Driver/Src/stm32l0xx_hal_cortex.o
 .ARM.attributes
                0x000000ae       0x32 Drivers/STM32L0xx_HAL_Driver/Src/stm32l0xx_hal_dma.o
 .ARM.attributes
                0x000000e0       0x32 Drivers/STM32L0xx_HAL_Driver/Src/stm32l0xx_hal_gpio.o
 .ARM.attributes
                0x00000112       0x32 Drivers/STM32L0xx_HAL_Driver/Src/stm32l0xx_hal_i2c.o
 .ARM.attributes
                0x00000144       0x32 Drivers/STM32L0xx_HAL_Driver/Src/stm32l0xx_hal_i2c_ex.o
 .ARM.attributes
                0x00000176       0x32 Drivers/STM32L0xx_HAL_Driver/Src/stm32l0xx_hal_rcc.o
 .ARM.attributes
                0x000001a8       0x32 Drivers/STM32L0xx_HAL_Driver/Src/stm32l0xx_hal_rcc_ex.o
 .ARM.attributes
                0x000001da       0x32 Drivers/STM32L0xx_HAL_Driver/Src/stm32l0xx_hal_spi.o
 .ARM.attributes
                0x0000020c       0x32 Drivers/STM32L0xx_HAL_Driver/Src/stm32l0xx_hal_tim.o
 .ARM.attributes
                0x0000023e       0x32 Drivers/STM32L0xx_HAL_Driver/Src/stm32l0xx_hal_tim_ex.o
 .ARM.attributes
                0x00000270       0x32 Drivers/STM32L0xx_HAL_Driver/Src/stm32l0xx_hal_uart.o
 .ARM.attributes
                0x000002a2       0x32 Src/G350.o
 .ARM.attributes
                0x000002d4       0x32 Src/Mesh.o
 .ARM.attributes
                0x00000306       0x32 Src/RH_RF95.o
 .ARM.attributes
                0x00000338       0x32 Src/fuel_gauge.o
 .ARM.attributes
                0x0000036a       0x32 Src/main.o
 .ARM.attributes
                0x0000039c       0x32 Src/stm32l0xx_hal_msp.o
 .ARM.attributes
                0x000003ce       0x32 Src/stm32l0xx_it.o
 .ARM.attributes
                0x00000400       0x32 Src/syscalls.o
 .ARM.attributes
                0x00000432       0x32 Src/system_stm32l0xx.o
 .ARM.attributes
                0x00000464       0x32 Src/text_update.o
 .ARM.attributes
                0x00000496       0x22 startup/startup_stm32l053xx.o
 .ARM.attributes
                0x000004b8       0x1e d:/stm32/plugins/fr.ac6.mcu.externaltools.arm-none.win32_1.17.0.201812190825/tools/compiler/bin/../lib/gcc/arm-none-eabi/7.3.1/thumb/v6-m\libgcc.a(_udivsi3.o)
 .ARM.attributes
                0x000004d6       0x1e d:/stm32/plugins/fr.ac6.mcu.externaltools.arm-none.win32_1.17.0.201812190825/tools/compiler/bin/../lib/gcc/arm-none-eabi/7.3.1/thumb/v6-m\libgcc.a(_dvmd_tls.o)
 .ARM.attributes
                0x000004f4       0x1e d:/stm32/plugins/fr.ac6.mcu.externaltools.arm-none.win32_1.17.0.201812190825/tools/compiler/bin/../lib/gcc/arm-none-eabi/7.3.1/thumb/v6-m\libgcc.a(_aeabi_uldivmod.o)
 .ARM.attributes
                0x00000512       0x2c d:/stm32/plugins/fr.ac6.mcu.externaltools.arm-none.win32_1.17.0.201812190825/tools/compiler/bin/../lib/gcc/arm-none-eabi/7.3.1/thumb/v6-m\libgcc.a(_udivmoddi4.o)
 .ARM.attributes
                0x0000053e       0x1e d:/stm32/plugins/fr.ac6.mcu.externaltools.arm-none.win32_1.17.0.201812190825/tools/compiler/bin/../lib/gcc/arm-none-eabi/7.3.1/thumb/v6-m\libgcc.a(_clzdi2.o)
 .ARM.attributes
                0x0000055c       0x1e d:/stm32/plugins/fr.ac6.mcu.externaltools.arm-none.win32_1.17.0.201812190825/tools/compiler/bin/../lib/gcc/arm-none-eabi/7.3.1/thumb/v6-m\libgcc.a(_clzsi2.o)
 .ARM.attributes
                0x0000057a       0x2c d:/stm32/plugins/fr.ac6.mcu.externaltools.arm-none.win32_1.17.0.201812190825/tools/compiler/bin/../lib/gcc/arm-none-eabi/7.3.1/../../../../arm-none-eabi/lib/thumb/v6-m\libc_nano.a(lib_a-errno.o)
 .ARM.attributes
                0x000005a6       0x2c d:/stm32/plugins/fr.ac6.mcu.externaltools.arm-none.win32_1.17.0.201812190825/tools/compiler/bin/../lib/gcc/arm-none-eabi/7.3.1/../../../../arm-none-eabi/lib/thumb/v6-m\libc_nano.a(lib_a-impure.o)
 .ARM.attributes
                0x000005d2       0x2c d:/stm32/plugins/fr.ac6.mcu.externaltools.arm-none.win32_1.17.0.201812190825/tools/compiler/bin/../lib/gcc/arm-none-eabi/7.3.1/../../../../arm-none-eabi/lib/thumb/v6-m\libc_nano.a(lib_a-init.o)
 .ARM.attributes
                0x000005fe       0x2c d:/stm32/plugins/fr.ac6.mcu.externaltools.arm-none.win32_1.17.0.201812190825/tools/compiler/bin/../lib/gcc/arm-none-eabi/7.3.1/../../../../arm-none-eabi/lib/thumb/v6-m\libc_nano.a(lib_a-memcpy-stub.o)
 .ARM.attributes
                0x0000062a       0x2c d:/stm32/plugins/fr.ac6.mcu.externaltools.arm-none.win32_1.17.0.201812190825/tools/compiler/bin/../lib/gcc/arm-none-eabi/7.3.1/../../../../arm-none-eabi/lib/thumb/v6-m\libc_nano.a(lib_a-memset.o)
 .ARM.attributes
                0x00000656       0x2c d:/stm32/plugins/fr.ac6.mcu.externaltools.arm-none.win32_1.17.0.201812190825/tools/compiler/bin/../lib/gcc/arm-none-eabi/7.3.1/../../../../arm-none-eabi/lib/thumb/v6-m\libc_nano.a(lib_a-sprintf.o)
 .ARM.attributes
                0x00000682       0x2c d:/stm32/plugins/fr.ac6.mcu.externaltools.arm-none.win32_1.17.0.201812190825/tools/compiler/bin/../lib/gcc/arm-none-eabi/7.3.1/../../../../arm-none-eabi/lib/thumb/v6-m\libc_nano.a(lib_a-strcat.o)
 .ARM.attributes
                0x000006ae       0x2c d:/stm32/plugins/fr.ac6.mcu.externaltools.arm-none.win32_1.17.0.201812190825/tools/compiler/bin/../lib/gcc/arm-none-eabi/7.3.1/../../../../arm-none-eabi/lib/thumb/v6-m\libc_nano.a(lib_a-strcpy.o)
 .ARM.attributes
                0x000006da       0x1c d:/stm32/plugins/fr.ac6.mcu.externaltools.arm-none.win32_1.17.0.201812190825/tools/compiler/bin/../lib/gcc/arm-none-eabi/7.3.1/../../../../arm-none-eabi/lib/thumb/v6-m\libc_nano.a(lib_a-strlen.o)
 .ARM.attributes
                0x000006f6       0x2c d:/stm32/plugins/fr.ac6.mcu.externaltools.arm-none.win32_1.17.0.201812190825/tools/compiler/bin/../lib/gcc/arm-none-eabi/7.3.1/../../../../arm-none-eabi/lib/thumb/v6-m\libc_nano.a(lib_a-nano-svfprintf.o)
 .ARM.attributes
                0x00000722       0x2c d:/stm32/plugins/fr.ac6.mcu.externaltools.arm-none.win32_1.17.0.201812190825/tools/compiler/bin/../lib/gcc/arm-none-eabi/7.3.1/../../../../arm-none-eabi/lib/thumb/v6-m\libc_nano.a(lib_a-nano-vfprintf_i.o)
 .ARM.attributes
                0x0000074e       0x2c d:/stm32/plugins/fr.ac6.mcu.externaltools.arm-none.win32_1.17.0.201812190825/tools/compiler/bin/../lib/gcc/arm-none-eabi/7.3.1/../../../../arm-none-eabi/lib/thumb/v6-m\libc_nano.a(lib_a-memchr-stub.o)
 .ARM.attributes
                0x0000077a       0x2c d:/stm32/plugins/fr.ac6.mcu.externaltools.arm-none.win32_1.17.0.201812190825/tools/compiler/bin/../lib/gcc/arm-none-eabi/7.3.1/../../../../arm-none-eabi/lib/thumb/v6-m\libc_nano.a(lib_a-memmove.o)
 .ARM.attributes
                0x000007a6       0x2c d:/stm32/plugins/fr.ac6.mcu.externaltools.arm-none.win32_1.17.0.201812190825/tools/compiler/bin/../lib/gcc/arm-none-eabi/7.3.1/../../../../arm-none-eabi/lib/thumb/v6-m\libc_nano.a(lib_a-nano-freer.o)
 .ARM.attributes
                0x000007d2       0x2c d:/stm32/plugins/fr.ac6.mcu.externaltools.arm-none.win32_1.17.0.201812190825/tools/compiler/bin/../lib/gcc/arm-none-eabi/7.3.1/../../../../arm-none-eabi/lib/thumb/v6-m\libc_nano.a(lib_a-nano-mallocr.o)
 .ARM.attributes
                0x000007fe       0x2c d:/stm32/plugins/fr.ac6.mcu.externaltools.arm-none.win32_1.17.0.201812190825/tools/compiler/bin/../lib/gcc/arm-none-eabi/7.3.1/../../../../arm-none-eabi/lib/thumb/v6-m\libc_nano.a(lib_a-nano-reallocr.o)
 .ARM.attributes
                0x0000082a       0x2c d:/stm32/plugins/fr.ac6.mcu.externaltools.arm-none.win32_1.17.0.201812190825/tools/compiler/bin/../lib/gcc/arm-none-eabi/7.3.1/../../../../arm-none-eabi/lib/thumb/v6-m\libc_nano.a(lib_a-sbrkr.o)
 .ARM.attributes
                0x00000856       0x2c d:/stm32/plugins/fr.ac6.mcu.externaltools.arm-none.win32_1.17.0.201812190825/tools/compiler/bin/../lib/gcc/arm-none-eabi/7.3.1/../../../../arm-none-eabi/lib/thumb/v6-m\libc_nano.a(lib_a-mlock.o)
 .ARM.attributes
                0x00000882       0x2c d:/stm32/plugins/fr.ac6.mcu.externaltools.arm-none.win32_1.17.0.201812190825/tools/compiler/bin/../lib/gcc/arm-none-eabi/7.3.1/../../../../arm-none-eabi/lib/thumb/v6-m\libc_nano.a(lib_a-nano-msizer.o)
 .ARM.attributes
                0x000008ae       0x2c d:/stm32/plugins/fr.ac6.mcu.externaltools.arm-none.win32_1.17.0.201812190825/tools/compiler/bin/../lib/gcc/arm-none-eabi/7.3.1/../../../../arm-none-eabi/lib/thumb/v6-m\libc_nano.a(lib_a-reent.o)
 .ARM.attributes
                0x000008da       0x1e d:/stm32/plugins/fr.ac6.mcu.externaltools.arm-none.win32_1.17.0.201812190825/tools/compiler/bin/../lib/gcc/arm-none-eabi/7.3.1/thumb/v6-m/crtn.o
OUTPUT(32L0_477.elf elf32-littlearm)

.debug_info     0x00000000    0x1b640
 .debug_info    0x00000000      0x826 Drivers/STM32L0xx_HAL_Driver/Src/stm32l0xx_hal.o
 .debug_info    0x00000826      0x97d Drivers/STM32L0xx_HAL_Driver/Src/stm32l0xx_hal_cortex.o
 .debug_info    0x000011a3      0x817 Drivers/STM32L0xx_HAL_Driver/Src/stm32l0xx_hal_dma.o
 .debug_info    0x000019ba      0x6ce Drivers/STM32L0xx_HAL_Driver/Src/stm32l0xx_hal_gpio.o
 .debug_info    0x00002088     0x38e6 Drivers/STM32L0xx_HAL_Driver/Src/stm32l0xx_hal_i2c.o
 .debug_info    0x0000596e      0x8ef Drivers/STM32L0xx_HAL_Driver/Src/stm32l0xx_hal_i2c_ex.o
 .debug_info    0x0000625d      0xbeb Drivers/STM32L0xx_HAL_Driver/Src/stm32l0xx_hal_rcc.o
 .debug_info    0x00006e48      0x90b Drivers/STM32L0xx_HAL_Driver/Src/stm32l0xx_hal_rcc_ex.o
 .debug_info    0x00007753     0x1ba1 Drivers/STM32L0xx_HAL_Driver/Src/stm32l0xx_hal_spi.o
 .debug_info    0x000092f4     0x3009 Drivers/STM32L0xx_HAL_Driver/Src/stm32l0xx_hal_tim.o
 .debug_info    0x0000c2fd      0x68b Drivers/STM32L0xx_HAL_Driver/Src/stm32l0xx_hal_tim_ex.o
 .debug_info    0x0000c988     0x1b21 Drivers/STM32L0xx_HAL_Driver/Src/stm32l0xx_hal_uart.o
 .debug_info    0x0000e4a9     0x184b Src/G350.o
 .debug_info    0x0000fcf4     0x1adc Src/Mesh.o
 .debug_info    0x000117d0     0x1944 Src/RH_RF95.o
 .debug_info    0x00013114     0x14c6 Src/fuel_gauge.o
 .debug_info    0x000145da     0x2d68 Src/main.o
 .debug_info    0x00017342     0x162b Src/stm32l0xx_hal_msp.o
 .debug_info    0x0001896d      0x861 Src/stm32l0xx_it.o
 .debug_info    0x000191ce      0xfd3 Src/syscalls.o
 .debug_info    0x0001a1a1      0x395 Src/system_stm32l0xx.o
 .debug_info    0x0001a536     0x10e8 Src/text_update.o
 .debug_info    0x0001b61e       0x22 startup/startup_stm32l053xx.o

.debug_abbrev   0x00000000     0x33d9
 .debug_abbrev  0x00000000      0x236 Drivers/STM32L0xx_HAL_Driver/Src/stm32l0xx_hal.o
 .debug_abbrev  0x00000236      0x24c Drivers/STM32L0xx_HAL_Driver/Src/stm32l0xx_hal_cortex.o
 .debug_abbrev  0x00000482      0x1fb Drivers/STM32L0xx_HAL_Driver/Src/stm32l0xx_hal_dma.o
 .debug_abbrev  0x0000067d      0x1cf Drivers/STM32L0xx_HAL_Driver/Src/stm32l0xx_hal_gpio.o
 .debug_abbrev  0x0000084c      0x26c Drivers/STM32L0xx_HAL_Driver/Src/stm32l0xx_hal_i2c.o
 .debug_abbrev  0x00000ab8      0x1bf Drivers/STM32L0xx_HAL_Driver/Src/stm32l0xx_hal_i2c_ex.o
 .debug_abbrev  0x00000c77      0x27b Drivers/STM32L0xx_HAL_Driver/Src/stm32l0xx_hal_rcc.o
 .debug_abbrev  0x00000ef2      0x1ff Drivers/STM32L0xx_HAL_Driver/Src/stm32l0xx_hal_rcc_ex.o
 .debug_abbrev  0x000010f1      0x26c Drivers/STM32L0xx_HAL_Driver/Src/stm32l0xx_hal_spi.o
 .debug_abbrev  0x0000135d      0x224 Drivers/STM32L0xx_HAL_Driver/Src/stm32l0xx_hal_tim.o
 .debug_abbrev  0x00001581      0x1ab Drivers/STM32L0xx_HAL_Driver/Src/stm32l0xx_hal_tim_ex.o
 .debug_abbrev  0x0000172c      0x25c Drivers/STM32L0xx_HAL_Driver/Src/stm32l0xx_hal_uart.o
 .debug_abbrev  0x00001988      0x2fa Src/G350.o
 .debug_abbrev  0x00001c82      0x3cb Src/Mesh.o
 .debug_abbrev  0x0000204d      0x2e3 Src/RH_RF95.o
 .debug_abbrev  0x00002330      0x24b Src/fuel_gauge.o
 .debug_abbrev  0x0000257b      0x3c2 Src/main.o
 .debug_abbrev  0x0000293d      0x255 Src/stm32l0xx_hal_msp.o
 .debug_abbrev  0x00002b92      0x1af Src/stm32l0xx_it.o
 .debug_abbrev  0x00002d41      0x2d4 Src/syscalls.o
 .debug_abbrev  0x00003015      0x111 Src/system_stm32l0xx.o
 .debug_abbrev  0x00003126      0x2a1 Src/text_update.o
 .debug_abbrev  0x000033c7       0x12 startup/startup_stm32l053xx.o

.debug_loc      0x00000000     0xeaef
 .debug_loc     0x00000000      0x12c Drivers/STM32L0xx_HAL_Driver/Src/stm32l0xx_hal.o
 .debug_loc     0x0000012c      0x3b4 Drivers/STM32L0xx_HAL_Driver/Src/stm32l0xx_hal_cortex.o
 .debug_loc     0x000004e0      0x7a6 Drivers/STM32L0xx_HAL_Driver/Src/stm32l0xx_hal_dma.o
 .debug_loc     0x00000c86      0x2d1 Drivers/STM32L0xx_HAL_Driver/Src/stm32l0xx_hal_gpio.o
 .debug_loc     0x00000f57     0x40c0 Drivers/STM32L0xx_HAL_Driver/Src/stm32l0xx_hal_i2c.o
 .debug_loc     0x00005017      0x221 Drivers/STM32L0xx_HAL_Driver/Src/stm32l0xx_hal_i2c_ex.o
 .debug_loc     0x00005238      0x5a4 Drivers/STM32L0xx_HAL_Driver/Src/stm32l0xx_hal_rcc.o
 .debug_loc     0x000057dc      0x9cb Drivers/STM32L0xx_HAL_Driver/Src/stm32l0xx_hal_rcc_ex.o
 .debug_loc     0x000061a7     0x1c96 Drivers/STM32L0xx_HAL_Driver/Src/stm32l0xx_hal_spi.o
 .debug_loc     0x00007e3d     0x3939 Drivers/STM32L0xx_HAL_Driver/Src/stm32l0xx_hal_tim.o
 .debug_loc     0x0000b776       0xc7 Drivers/STM32L0xx_HAL_Driver/Src/stm32l0xx_hal_tim_ex.o
 .debug_loc     0x0000b83d     0x1b0f Drivers/STM32L0xx_HAL_Driver/Src/stm32l0xx_hal_uart.o
 .debug_loc     0x0000d34c      0x64d Src/G350.o
 .debug_loc     0x0000d999      0x524 Src/Mesh.o
 .debug_loc     0x0000debd       0x8d Src/RH_RF95.o
 .debug_loc     0x0000df4a       0x6f Src/fuel_gauge.o
 .debug_loc     0x0000dfb9      0x165 Src/main.o
 .debug_loc     0x0000e11e      0x209 Src/stm32l0xx_hal_msp.o
 .debug_loc     0x0000e327      0x3c5 Src/syscalls.o
 .debug_loc     0x0000e6ec      0x1a2 Src/system_stm32l0xx.o
 .debug_loc     0x0000e88e      0x261 Src/text_update.o

.debug_aranges  0x00000000     0x11f8
 .debug_aranges
                0x00000000       0xf8 Drivers/STM32L0xx_HAL_Driver/Src/stm32l0xx_hal.o
 .debug_aranges
                0x000000f8       0x90 Drivers/STM32L0xx_HAL_Driver/Src/stm32l0xx_hal_cortex.o
 .debug_aranges
                0x00000188       0x80 Drivers/STM32L0xx_HAL_Driver/Src/stm32l0xx_hal_dma.o
 .debug_aranges
                0x00000208       0x58 Drivers/STM32L0xx_HAL_Driver/Src/stm32l0xx_hal_gpio.o
 .debug_aranges
                0x00000260      0x288 Drivers/STM32L0xx_HAL_Driver/Src/stm32l0xx_hal_i2c.o
 .debug_aranges
                0x000004e8       0x48 Drivers/STM32L0xx_HAL_Driver/Src/stm32l0xx_hal_i2c_ex.o
 .debug_aranges
                0x00000530       0x80 Drivers/STM32L0xx_HAL_Driver/Src/stm32l0xx_hal_rcc.o
 .debug_aranges
                0x000005b0       0xb0 Drivers/STM32L0xx_HAL_Driver/Src/stm32l0xx_hal_rcc_ex.o
 .debug_aranges
                0x00000660      0x1d0 Drivers/STM32L0xx_HAL_Driver/Src/stm32l0xx_hal_spi.o
 .debug_aranges
                0x00000830      0x3a8 Drivers/STM32L0xx_HAL_Driver/Src/stm32l0xx_hal_tim.o
 .debug_aranges
                0x00000bd8       0x28 Drivers/STM32L0xx_HAL_Driver/Src/stm32l0xx_hal_tim_ex.o
 .debug_aranges
                0x00000c00      0x1f8 Drivers/STM32L0xx_HAL_Driver/Src/stm32l0xx_hal_uart.o
 .debug_aranges
                0x00000df8       0x58 Src/G350.o
 .debug_aranges
                0x00000e50       0xa0 Src/Mesh.o
 .debug_aranges
                0x00000ef0       0x58 Src/RH_RF95.o
 .debug_aranges
                0x00000f48       0x30 Src/fuel_gauge.o
 .debug_aranges
                0x00000f78       0xa0 Src/main.o
 .debug_aranges
                0x00001018       0x60 Src/stm32l0xx_hal_msp.o
 .debug_aranges
                0x00001078       0x60 Src/stm32l0xx_it.o
 .debug_aranges
                0x000010d8       0xb0 Src/syscalls.o
 .debug_aranges
                0x00001188       0x28 Src/system_stm32l0xx.o
 .debug_aranges
                0x000011b0       0x20 Src/text_update.o
 .debug_aranges
                0x000011d0       0x28 startup/startup_stm32l053xx.o

.debug_ranges   0x00000000     0x12e8
 .debug_ranges  0x00000000       0xe8 Drivers/STM32L0xx_HAL_Driver/Src/stm32l0xx_hal.o
 .debug_ranges  0x000000e8       0xc8 Drivers/STM32L0xx_HAL_Driver/Src/stm32l0xx_hal_cortex.o
 .debug_ranges  0x000001b0       0x70 Drivers/STM32L0xx_HAL_Driver/Src/stm32l0xx_hal_dma.o
 .debug_ranges  0x00000220       0x48 Drivers/STM32L0xx_HAL_Driver/Src/stm32l0xx_hal_gpio.o
 .debug_ranges  0x00000268      0x278 Drivers/STM32L0xx_HAL_Driver/Src/stm32l0xx_hal_i2c.o
 .debug_ranges  0x000004e0       0x38 Drivers/STM32L0xx_HAL_Driver/Src/stm32l0xx_hal_i2c_ex.o
 .debug_ranges  0x00000518       0xa0 Drivers/STM32L0xx_HAL_Driver/Src/stm32l0xx_hal_rcc.o
 .debug_ranges  0x000005b8       0xb8 Drivers/STM32L0xx_HAL_Driver/Src/stm32l0xx_hal_rcc_ex.o
 .debug_ranges  0x00000670      0x1c0 Drivers/STM32L0xx_HAL_Driver/Src/stm32l0xx_hal_spi.o
 .debug_ranges  0x00000830      0x398 Drivers/STM32L0xx_HAL_Driver/Src/stm32l0xx_hal_tim.o
 .debug_ranges  0x00000bc8       0x18 Drivers/STM32L0xx_HAL_Driver/Src/stm32l0xx_hal_tim_ex.o
 .debug_ranges  0x00000be0      0x1e8 Drivers/STM32L0xx_HAL_Driver/Src/stm32l0xx_hal_uart.o
 .debug_ranges  0x00000dc8       0x78 Src/G350.o
 .debug_ranges  0x00000e40      0x1b0 Src/Mesh.o
 .debug_ranges  0x00000ff0       0x48 Src/RH_RF95.o
 .debug_ranges  0x00001038       0x20 Src/fuel_gauge.o
 .debug_ranges  0x00001058       0xf0 Src/main.o
 .debug_ranges  0x00001148       0x50 Src/stm32l0xx_hal_msp.o
 .debug_ranges  0x00001198       0x50 Src/stm32l0xx_it.o
 .debug_ranges  0x000011e8       0xa0 Src/syscalls.o
 .debug_ranges  0x00001288       0x18 Src/system_stm32l0xx.o
 .debug_ranges  0x000012a0       0x28 Src/text_update.o
 .debug_ranges  0x000012c8       0x20 startup/startup_stm32l053xx.o

.debug_macro    0x00000000    0x16362
 .debug_macro   0x00000000      0x1e6 Drivers/STM32L0xx_HAL_Driver/Src/stm32l0xx_hal.o
 .debug_macro   0x000001e6      0xa4e Drivers/STM32L0xx_HAL_Driver/Src/stm32l0xx_hal.o
 .debug_macro   0x00000c34       0xa7 Drivers/STM32L0xx_HAL_Driver/Src/stm32l0xx_hal.o
 .debug_macro   0x00000cdb       0x2e Drivers/STM32L0xx_HAL_Driver/Src/stm32l0xx_hal.o
 .debug_macro   0x00000d09       0x28 Drivers/STM32L0xx_HAL_Driver/Src/stm32l0xx_hal.o
 .debug_macro   0x00000d31       0x22 Drivers/STM32L0xx_HAL_Driver/Src/stm32l0xx_hal.o
 .debug_macro   0x00000d53       0x8e Drivers/STM32L0xx_HAL_Driver/Src/stm32l0xx_hal.o
 .debug_macro   0x00000de1       0x51 Drivers/STM32L0xx_HAL_Driver/Src/stm32l0xx_hal.o
 .debug_macro   0x00000e32       0xef Drivers/STM32L0xx_HAL_Driver/Src/stm32l0xx_hal.o
 .debug_macro   0x00000f21       0x6a Drivers/STM32L0xx_HAL_Driver/Src/stm32l0xx_hal.o
 .debug_macro   0x00000f8b      0x1df Drivers/STM32L0xx_HAL_Driver/Src/stm32l0xx_hal.o
 .debug_macro   0x0000116a       0x34 Drivers/STM32L0xx_HAL_Driver/Src/stm32l0xx_hal.o
 .debug_macro   0x0000119e       0x26 Drivers/STM32L0xx_HAL_Driver/Src/stm32l0xx_hal.o
 .debug_macro   0x000011c4      0x44f Drivers/STM32L0xx_HAL_Driver/Src/stm32l0xx_hal.o
 .debug_macro   0x00001613     0x9d0d Drivers/STM32L0xx_HAL_Driver/Src/stm32l0xx_hal.o
 .debug_macro   0x0000b320       0x3c Drivers/STM32L0xx_HAL_Driver/Src/stm32l0xx_hal.o
 .debug_macro   0x0000b35c     0x352c Drivers/STM32L0xx_HAL_Driver/Src/stm32l0xx_hal.o
 .debug_macro   0x0000e888      0x174 Drivers/STM32L0xx_HAL_Driver/Src/stm32l0xx_hal.o
 .debug_macro   0x0000e9fc       0x4f Drivers/STM32L0xx_HAL_Driver/Src/stm32l0xx_hal.o
 .debug_macro   0x0000ea4b      0x8d6 Drivers/STM32L0xx_HAL_Driver/Src/stm32l0xx_hal.o
 .debug_macro   0x0000f321      0x9d2 Drivers/STM32L0xx_HAL_Driver/Src/stm32l0xx_hal.o
 .debug_macro   0x0000fcf3      0x13f Drivers/STM32L0xx_HAL_Driver/Src/stm32l0xx_hal.o
 .debug_macro   0x0000fe32      0x17d Drivers/STM32L0xx_HAL_Driver/Src/stm32l0xx_hal.o
 .debug_macro   0x0000ffaf      0x28e Drivers/STM32L0xx_HAL_Driver/Src/stm32l0xx_hal.o
 .debug_macro   0x0001023d      0x1e9 Drivers/STM32L0xx_HAL_Driver/Src/stm32l0xx_hal.o
 .debug_macro   0x00010426      0x129 Drivers/STM32L0xx_HAL_Driver/Src/stm32l0xx_hal.o
 .debug_macro   0x0001054f      0x2b4 Drivers/STM32L0xx_HAL_Driver/Src/stm32l0xx_hal.o
 .debug_macro   0x00010803      0x22c Drivers/STM32L0xx_HAL_Driver/Src/stm32l0xx_hal.o
 .debug_macro   0x00010a2f       0x5b Drivers/STM32L0xx_HAL_Driver/Src/stm32l0xx_hal.o
 .debug_macro   0x00010a8a       0xa5 Drivers/STM32L0xx_HAL_Driver/Src/stm32l0xx_hal.o
 .debug_macro   0x00010b2f      0x187 Drivers/STM32L0xx_HAL_Driver/Src/stm32l0xx_hal.o
 .debug_macro   0x00010cb6       0x16 Drivers/STM32L0xx_HAL_Driver/Src/stm32l0xx_hal.o
 .debug_macro   0x00010ccc      0x22c Drivers/STM32L0xx_HAL_Driver/Src/stm32l0xx_hal.o
 .debug_macro   0x00010ef8      0x734 Drivers/STM32L0xx_HAL_Driver/Src/stm32l0xx_hal.o
 .debug_macro   0x0001162c       0xcc Drivers/STM32L0xx_HAL_Driver/Src/stm32l0xx_hal.o
 .debug_macro   0x000116f8      0x57b Drivers/STM32L0xx_HAL_Driver/Src/stm32l0xx_hal.o
 .debug_macro   0x00011c73       0x44 Drivers/STM32L0xx_HAL_Driver/Src/stm32l0xx_hal.o
 .debug_macro   0x00011cb7      0x163 Drivers/STM32L0xx_HAL_Driver/Src/stm32l0xx_hal.o
 .debug_macro   0x00011e1a      0x1c2 Drivers/STM32L0xx_HAL_Driver/Src/stm32l0xx_hal_cortex.o
 .debug_macro   0x00011fdc      0x1c2 Drivers/STM32L0xx_HAL_Driver/Src/stm32l0xx_hal_dma.o
 .debug_macro   0x0001219e      0x1fa Drivers/STM32L0xx_HAL_Driver/Src/stm32l0xx_hal_gpio.o
 .debug_macro   0x00012398      0x287 Drivers/STM32L0xx_HAL_Driver/Src/stm32l0xx_hal_i2c.o
 .debug_macro   0x0001261f      0x1c2 Drivers/STM32L0xx_HAL_Driver/Src/stm32l0xx_hal_i2c_ex.o
 .debug_macro   0x000127e1      0x1e6 Drivers/STM32L0xx_HAL_Driver/Src/stm32l0xx_hal_rcc.o
 .debug_macro   0x000129c7      0x1c2 Drivers/STM32L0xx_HAL_Driver/Src/stm32l0xx_hal_rcc_ex.o
 .debug_macro   0x00012b89      0x1ca Drivers/STM32L0xx_HAL_Driver/Src/stm32l0xx_hal_spi.o
 .debug_macro   0x00012d53      0x1c3 Drivers/STM32L0xx_HAL_Driver/Src/stm32l0xx_hal_tim.o
 .debug_macro   0x00012f16      0x1c2 Drivers/STM32L0xx_HAL_Driver/Src/stm32l0xx_hal_tim_ex.o
 .debug_macro   0x000130d8      0x1ed Drivers/STM32L0xx_HAL_Driver/Src/stm32l0xx_hal_uart.o
 .debug_macro   0x000132c5      0x287 Src/G350.o
 .debug_macro   0x0001354c       0x5e Src/G350.o
 .debug_macro   0x000135aa       0x18 Src/G350.o
 .debug_macro   0x000135c2       0x35 Src/G350.o
 .debug_macro   0x000135f7       0x34 Src/G350.o
 .debug_macro   0x0001362b       0x58 Src/G350.o
 .debug_macro   0x00013683       0x1f Src/G350.o
 .debug_macro   0x000136a2       0x43 Src/G350.o
 .debug_macro   0x000136e5       0x20 Src/G350.o
 .debug_macro   0x00013705      0x18e Src/G350.o
 .debug_macro   0x00013893      0x330 Src/G350.o
 .debug_macro   0x00013bc3       0x10 Src/G350.o
 .debug_macro   0x00013bd3       0x35 Src/G350.o
 .debug_macro   0x00013c08       0x3a Src/G350.o
 .debug_macro   0x00013c42       0x22 Src/G350.o
 .debug_macro   0x00013c64      0x293 Src/Mesh.o
 .debug_macro   0x00013ef7       0x22 Src/Mesh.o
 .debug_macro   0x00013f19      0x129 Src/Mesh.o
 .debug_macro   0x00014042       0x64 Src/Mesh.o
 .debug_macro   0x000140a6      0x293 Src/RH_RF95.o
 .debug_macro   0x00014339      0x3a3 Src/RH_RF95.o
 .debug_macro   0x000146dc      0x282 Src/fuel_gauge.o
 .debug_macro   0x0001495e      0x2ad Src/main.o
 .debug_macro   0x00014c0b      0x123 Src/main.o
 .debug_macro   0x00014d2e      0x1da Src/stm32l0xx_hal_msp.o
 .debug_macro   0x00014f08      0x1e4 Src/stm32l0xx_it.o
 .debug_macro   0x000150ec      0x243 Src/syscalls.o
 .debug_macro   0x0001532f       0x58 Src/syscalls.o
 .debug_macro   0x00015387       0x94 Src/syscalls.o
 .debug_macro   0x0001541b       0x57 Src/syscalls.o
 .debug_macro   0x00015472       0x10 Src/syscalls.o
 .debug_macro   0x00015482       0x10 Src/syscalls.o
 .debug_macro   0x00015492       0x10 Src/syscalls.o
 .debug_macro   0x000154a2       0x10 Src/syscalls.o
 .debug_macro   0x000154b2       0x1c Src/syscalls.o
 .debug_macro   0x000154ce       0x52 Src/syscalls.o
 .debug_macro   0x00015520       0x40 Src/syscalls.o
 .debug_macro   0x00015560       0x10 Src/syscalls.o
 .debug_macro   0x00015570       0x40 Src/syscalls.o
 .debug_macro   0x000155b0       0xd7 Src/syscalls.o
 .debug_macro   0x00015687       0x1c Src/syscalls.o
 .debug_macro   0x000156a3       0x3d Src/syscalls.o
 .debug_macro   0x000156e0       0x35 Src/syscalls.o
 .debug_macro   0x00015715      0x122 Src/syscalls.o
 .debug_macro   0x00015837       0x16 Src/syscalls.o
 .debug_macro   0x0001584d       0x16 Src/syscalls.o
 .debug_macro   0x00015863       0x29 Src/syscalls.o
 .debug_macro   0x0001588c       0x10 Src/syscalls.o
 .debug_macro   0x0001589c      0x241 Src/syscalls.o
 .debug_macro   0x00015add       0x1c Src/syscalls.o
 .debug_macro   0x00015af9       0x10 Src/syscalls.o
 .debug_macro   0x00015b09       0x10 Src/syscalls.o
 .debug_macro   0x00015b19       0x16 Src/syscalls.o
 .debug_macro   0x00015b2f      0x16f Src/syscalls.o
 .debug_macro   0x00015c9e      0x189 Src/syscalls.o
 .debug_macro   0x00015e27       0x16 Src/syscalls.o
 .debug_macro   0x00015e3d       0x88 Src/syscalls.o
 .debug_macro   0x00015ec5      0x1c8 Src/system_stm32l0xx.o
 .debug_macro   0x0001608d      0x2ad Src/text_update.o
 .debug_macro   0x0001633a       0x28 Src/text_update.o

.debug_line     0x00000000     0xe51e
 .debug_line    0x00000000      0x871 Drivers/STM32L0xx_HAL_Driver/Src/stm32l0xx_hal.o
 .debug_line    0x00000871      0x836 Drivers/STM32L0xx_HAL_Driver/Src/stm32l0xx_hal_cortex.o
 .debug_line    0x000010a7      0x8a3 Drivers/STM32L0xx_HAL_Driver/Src/stm32l0xx_hal_dma.o
 .debug_line    0x0000194a      0x7b8 Drivers/STM32L0xx_HAL_Driver/Src/stm32l0xx_hal_gpio.o
 .debug_line    0x00002102     0x1a6c Drivers/STM32L0xx_HAL_Driver/Src/stm32l0xx_hal_i2c.o
 .debug_line    0x00003b6e      0x7a3 Drivers/STM32L0xx_HAL_Driver/Src/stm32l0xx_hal_i2c_ex.o
 .debug_line    0x00004311      0x96f Drivers/STM32L0xx_HAL_Driver/Src/stm32l0xx_hal_rcc.o
 .debug_line    0x00004c80      0x995 Drivers/STM32L0xx_HAL_Driver/Src/stm32l0xx_hal_rcc_ex.o
 .debug_line    0x00005615     0x10ab Drivers/STM32L0xx_HAL_Driver/Src/stm32l0xx_hal_spi.o
 .debug_line    0x000066c0     0x1610 Drivers/STM32L0xx_HAL_Driver/Src/stm32l0xx_hal_tim.o
 .debug_line    0x00007cd0      0x6e3 Drivers/STM32L0xx_HAL_Driver/Src/stm32l0xx_hal_tim_ex.o
 .debug_line    0x000083b3     0x11d7 Drivers/STM32L0xx_HAL_Driver/Src/stm32l0xx_hal_uart.o
 .debug_line    0x0000958a      0x85d Src/G350.o
 .debug_line    0x00009de7      0xbc2 Src/Mesh.o
 .debug_line    0x0000a9a9      0x7d1 Src/RH_RF95.o
 .debug_line    0x0000b17a      0x749 Src/fuel_gauge.o
 .debug_line    0x0000b8c3      0x995 Src/main.o
 .debug_line    0x0000c258      0x793 Src/stm32l0xx_hal_msp.o
 .debug_line    0x0000c9eb      0x706 Src/stm32l0xx_it.o
 .debug_line    0x0000d0f1      0x5a2 Src/syscalls.o
 .debug_line    0x0000d693      0x68d Src/system_stm32l0xx.o
 .debug_line    0x0000dd20      0x77b Src/text_update.o
 .debug_line    0x0000e49b       0x83 startup/startup_stm32l053xx.o

.debug_str      0x00000000    0x81977
 .debug_str     0x00000000    0x769dc Drivers/STM32L0xx_HAL_Driver/Src/stm32l0xx_hal.o
                              0x76e27 (size before relaxing)
 .debug_str     0x000769dc      0x2cc Drivers/STM32L0xx_HAL_Driver/Src/stm32l0xx_hal_cortex.o
                              0x76c42 (size before relaxing)
 .debug_str     0x00076ca8      0x409 Drivers/STM32L0xx_HAL_Driver/Src/stm32l0xx_hal_dma.o
                              0x76b79 (size before relaxing)
 .debug_str     0x000770b1      0x2c1 Drivers/STM32L0xx_HAL_Driver/Src/stm32l0xx_hal_gpio.o
                              0x76ab0 (size before relaxing)
 .debug_str     0x00077372      0xf7c Drivers/STM32L0xx_HAL_Driver/Src/stm32l0xx_hal_i2c.o
                              0x779f6 (size before relaxing)
 .debug_str     0x000782ee       0xbf Drivers/STM32L0xx_HAL_Driver/Src/stm32l0xx_hal_i2c_ex.o
                              0x76d6b (size before relaxing)
 .debug_str     0x000783ad      0x3c9 Drivers/STM32L0xx_HAL_Driver/Src/stm32l0xx_hal_rcc.o
                              0x76cac (size before relaxing)
 .debug_str     0x00078776      0x427 Drivers/STM32L0xx_HAL_Driver/Src/stm32l0xx_hal_rcc_ex.o
                              0x76cd7 (size before relaxing)
 .debug_str     0x00078b9d      0x6f6 Drivers/STM32L0xx_HAL_Driver/Src/stm32l0xx_hal_spi.o
                              0x77099 (size before relaxing)
 .debug_str     0x00079293      0xef6 Drivers/STM32L0xx_HAL_Driver/Src/stm32l0xx_hal_tim.o
                              0x77925 (size before relaxing)
 .debug_str     0x0007a189       0xc7 Drivers/STM32L0xx_HAL_Driver/Src/stm32l0xx_hal_tim_ex.o
                              0x76b8e (size before relaxing)
 .debug_str     0x0007a250      0x94f Drivers/STM32L0xx_HAL_Driver/Src/stm32l0xx_hal_uart.o
                              0x7746e (size before relaxing)
 .debug_str     0x0007ab9f     0x2ca4 Src/G350.o
                              0x798a7 (size before relaxing)
 .debug_str     0x0007d843      0x727 Src/Mesh.o
                              0x79de4 (size before relaxing)
 .debug_str     0x0007df6a     0x1191 Src/RH_RF95.o
                              0x7ad75 (size before relaxing)
 .debug_str     0x0007f0fb       0xc2 Src/fuel_gauge.o
                              0x797f0 (size before relaxing)
 .debug_str     0x0007f1bd      0x186 Src/main.o
                              0x7ac81 (size before relaxing)
 .debug_str     0x0007f343       0x25 Src/stm32l0xx_hal_msp.o
                              0x779fb (size before relaxing)
 .debug_str     0x0007f368       0xb0 Src/stm32l0xx_it.o
                              0x770ed (size before relaxing)
 .debug_str     0x0007f418     0x247b Src/syscalls.o
                               0x8504 (size before relaxing)
 .debug_str     0x00081893       0x64 Src/system_stm32l0xx.o
                              0x767fb (size before relaxing)
 .debug_str     0x000818f7       0x51 Src/text_update.o
                              0x79c47 (size before relaxing)
 .debug_str     0x00081948       0x2f startup/startup_stm32l053xx.o
                                 0x51 (size before relaxing)

.comment        0x00000000       0x7f
 .comment       0x00000000       0x7f Drivers/STM32L0xx_HAL_Driver/Src/stm32l0xx_hal.o
                                 0x80 (size before relaxing)
 .comment       0x0000007f       0x80 Drivers/STM32L0xx_HAL_Driver/Src/stm32l0xx_hal_cortex.o
 .comment       0x0000007f       0x80 Drivers/STM32L0xx_HAL_Driver/Src/stm32l0xx_hal_dma.o
 .comment       0x0000007f       0x80 Drivers/STM32L0xx_HAL_Driver/Src/stm32l0xx_hal_gpio.o
 .comment       0x0000007f       0x80 Drivers/STM32L0xx_HAL_Driver/Src/stm32l0xx_hal_i2c.o
 .comment       0x0000007f       0x80 Drivers/STM32L0xx_HAL_Driver/Src/stm32l0xx_hal_i2c_ex.o
 .comment       0x0000007f       0x80 Drivers/STM32L0xx_HAL_Driver/Src/stm32l0xx_hal_rcc.o
 .comment       0x0000007f       0x80 Drivers/STM32L0xx_HAL_Driver/Src/stm32l0xx_hal_rcc_ex.o
 .comment       0x0000007f       0x80 Drivers/STM32L0xx_HAL_Driver/Src/stm32l0xx_hal_spi.o
 .comment       0x0000007f       0x80 Drivers/STM32L0xx_HAL_Driver/Src/stm32l0xx_hal_tim.o
 .comment       0x0000007f       0x80 Drivers/STM32L0xx_HAL_Driver/Src/stm32l0xx_hal_tim_ex.o
 .comment       0x0000007f       0x80 Drivers/STM32L0xx_HAL_Driver/Src/stm32l0xx_hal_uart.o
 .comment       0x0000007f       0x80 Src/G350.o
 .comment       0x0000007f       0x80 Src/Mesh.o
 .comment       0x0000007f       0x80 Src/RH_RF95.o
 .comment       0x0000007f       0x80 Src/fuel_gauge.o
 .comment       0x0000007f       0x80 Src/main.o
 .comment       0x0000007f       0x80 Src/stm32l0xx_hal_msp.o
 .comment       0x0000007f       0x80 Src/stm32l0xx_it.o
 .comment       0x0000007f       0x80 Src/syscalls.o
 .comment       0x0000007f       0x80 Src/system_stm32l0xx.o
 .comment       0x0000007f       0x80 Src/text_update.o

.debug_frame    0x00000000     0x3398
 .debug_frame   0x00000000      0x1f4 Drivers/STM32L0xx_HAL_Driver/Src/stm32l0xx_hal.o
 .debug_frame   0x000001f4      0x114 Drivers/STM32L0xx_HAL_Driver/Src/stm32l0xx_hal_cortex.o
 .debug_frame   0x00000308      0x150 Drivers/STM32L0xx_HAL_Driver/Src/stm32l0xx_hal_dma.o
 .debug_frame   0x00000458       0xc8 Drivers/STM32L0xx_HAL_Driver/Src/stm32l0xx_hal_gpio.o
 .debug_frame   0x00000520      0x814 Drivers/STM32L0xx_HAL_Driver/Src/stm32l0xx_hal_i2c.o
 .debug_frame   0x00000d34       0xa8 Drivers/STM32L0xx_HAL_Driver/Src/stm32l0xx_hal_i2c_ex.o
 .debug_frame   0x00000ddc      0x144 Drivers/STM32L0xx_HAL_Driver/Src/stm32l0xx_hal_rcc.o
 .debug_frame   0x00000f20      0x170 Drivers/STM32L0xx_HAL_Driver/Src/stm32l0xx_hal_rcc_ex.o
 .debug_frame   0x00001090      0x550 Drivers/STM32L0xx_HAL_Driver/Src/stm32l0xx_hal_spi.o
 .debug_frame   0x000015e0      0xa28 Drivers/STM32L0xx_HAL_Driver/Src/stm32l0xx_hal_tim.o
 .debug_frame   0x00002008       0x40 Drivers/STM32L0xx_HAL_Driver/Src/stm32l0xx_hal_tim_ex.o
 .debug_frame   0x00002048      0x564 Drivers/STM32L0xx_HAL_Driver/Src/stm32l0xx_hal_uart.o
 .debug_frame   0x000025ac      0x100 Src/G350.o
 .debug_frame   0x000026ac      0x1ec Src/Mesh.o
 .debug_frame   0x00002898      0x120 Src/RH_RF95.o
 .debug_frame   0x000029b8       0x70 Src/fuel_gauge.o
 .debug_frame   0x00002a28      0x1d4 Src/main.o
 .debug_frame   0x00002bfc       0xec Src/stm32l0xx_hal_msp.o
 .debug_frame   0x00002ce8       0xc8 Src/stm32l0xx_it.o
 .debug_frame   0x00002db0      0x19c Src/syscalls.o
 .debug_frame   0x00002f4c       0x38 Src/system_stm32l0xx.o
 .debug_frame   0x00002f84       0x38 Src/text_update.o
 .debug_frame   0x00002fbc       0x20 d:/stm32/plugins/fr.ac6.mcu.externaltools.arm-none.win32_1.17.0.201812190825/tools/compiler/bin/../lib/gcc/arm-none-eabi/7.3.1/thumb/v6-m\libgcc.a(_udivsi3.o)
 .debug_frame   0x00002fdc       0x3c d:/stm32/plugins/fr.ac6.mcu.externaltools.arm-none.win32_1.17.0.201812190825/tools/compiler/bin/../lib/gcc/arm-none-eabi/7.3.1/thumb/v6-m\libgcc.a(_udivmoddi4.o)
 .debug_frame   0x00003018       0x20 d:/stm32/plugins/fr.ac6.mcu.externaltools.arm-none.win32_1.17.0.201812190825/tools/compiler/bin/../lib/gcc/arm-none-eabi/7.3.1/../../../../arm-none-eabi/lib/thumb/v6-m\libc_nano.a(lib_a-errno.o)
 .debug_frame   0x00003038       0x2c d:/stm32/plugins/fr.ac6.mcu.externaltools.arm-none.win32_1.17.0.201812190825/tools/compiler/bin/../lib/gcc/arm-none-eabi/7.3.1/../../../../arm-none-eabi/lib/thumb/v6-m\libc_nano.a(lib_a-init.o)
 .debug_frame   0x00003064       0x28 d:/stm32/plugins/fr.ac6.mcu.externaltools.arm-none.win32_1.17.0.201812190825/tools/compiler/bin/../lib/gcc/arm-none-eabi/7.3.1/../../../../arm-none-eabi/lib/thumb/v6-m\libc_nano.a(lib_a-memcpy-stub.o)
 .debug_frame   0x0000308c       0x20 d:/stm32/plugins/fr.ac6.mcu.externaltools.arm-none.win32_1.17.0.201812190825/tools/compiler/bin/../lib/gcc/arm-none-eabi/7.3.1/../../../../arm-none-eabi/lib/thumb/v6-m\libc_nano.a(lib_a-memset.o)
 .debug_frame   0x000030ac       0x48 d:/stm32/plugins/fr.ac6.mcu.externaltools.arm-none.win32_1.17.0.201812190825/tools/compiler/bin/../lib/gcc/arm-none-eabi/7.3.1/../../../../arm-none-eabi/lib/thumb/v6-m\libc_nano.a(lib_a-sprintf.o)
 .debug_frame   0x000030f4       0x28 d:/stm32/plugins/fr.ac6.mcu.externaltools.arm-none.win32_1.17.0.201812190825/tools/compiler/bin/../lib/gcc/arm-none-eabi/7.3.1/../../../../arm-none-eabi/lib/thumb/v6-m\libc_nano.a(lib_a-strcat.o)
 .debug_frame   0x0000311c       0x20 d:/stm32/plugins/fr.ac6.mcu.externaltools.arm-none.win32_1.17.0.201812190825/tools/compiler/bin/../lib/gcc/arm-none-eabi/7.3.1/../../../../arm-none-eabi/lib/thumb/v6-m\libc_nano.a(lib_a-strcpy.o)
 .debug_frame   0x0000313c       0x74 d:/stm32/plugins/fr.ac6.mcu.externaltools.arm-none.win32_1.17.0.201812190825/tools/compiler/bin/../lib/gcc/arm-none-eabi/7.3.1/../../../../arm-none-eabi/lib/thumb/v6-m\libc_nano.a(lib_a-nano-svfprintf.o)
 .debug_frame   0x000031b0       0x54 d:/stm32/plugins/fr.ac6.mcu.externaltools.arm-none.win32_1.17.0.201812190825/tools/compiler/bin/../lib/gcc/arm-none-eabi/7.3.1/../../../../arm-none-eabi/lib/thumb/v6-m\libc_nano.a(lib_a-nano-vfprintf_i.o)
 .debug_frame   0x00003204       0x20 d:/stm32/plugins/fr.ac6.mcu.externaltools.arm-none.win32_1.17.0.201812190825/tools/compiler/bin/../lib/gcc/arm-none-eabi/7.3.1/../../../../arm-none-eabi/lib/thumb/v6-m\libc_nano.a(lib_a-memchr-stub.o)
 .debug_frame   0x00003224       0x28 d:/stm32/plugins/fr.ac6.mcu.externaltools.arm-none.win32_1.17.0.201812190825/tools/compiler/bin/../lib/gcc/arm-none-eabi/7.3.1/../../../../arm-none-eabi/lib/thumb/v6-m\libc_nano.a(lib_a-memmove.o)
 .debug_frame   0x0000324c       0x2c d:/stm32/plugins/fr.ac6.mcu.externaltools.arm-none.win32_1.17.0.201812190825/tools/compiler/bin/../lib/gcc/arm-none-eabi/7.3.1/../../../../arm-none-eabi/lib/thumb/v6-m\libc_nano.a(lib_a-nano-freer.o)
 .debug_frame   0x00003278       0x2c d:/stm32/plugins/fr.ac6.mcu.externaltools.arm-none.win32_1.17.0.201812190825/tools/compiler/bin/../lib/gcc/arm-none-eabi/7.3.1/../../../../arm-none-eabi/lib/thumb/v6-m\libc_nano.a(lib_a-nano-mallocr.o)
 .debug_frame   0x000032a4       0x30 d:/stm32/plugins/fr.ac6.mcu.externaltools.arm-none.win32_1.17.0.201812190825/tools/compiler/bin/../lib/gcc/arm-none-eabi/7.3.1/../../../../arm-none-eabi/lib/thumb/v6-m\libc_nano.a(lib_a-nano-reallocr.o)
 .debug_frame   0x000032d4       0x2c d:/stm32/plugins/fr.ac6.mcu.externaltools.arm-none.win32_1.17.0.201812190825/tools/compiler/bin/../lib/gcc/arm-none-eabi/7.3.1/../../../../arm-none-eabi/lib/thumb/v6-m\libc_nano.a(lib_a-sbrkr.o)
 .debug_frame   0x00003300       0x30 d:/stm32/plugins/fr.ac6.mcu.externaltools.arm-none.win32_1.17.0.201812190825/tools/compiler/bin/../lib/gcc/arm-none-eabi/7.3.1/../../../../arm-none-eabi/lib/thumb/v6-m\libc_nano.a(lib_a-mlock.o)
 .debug_frame   0x00003330       0x20 d:/stm32/plugins/fr.ac6.mcu.externaltools.arm-none.win32_1.17.0.201812190825/tools/compiler/bin/../lib/gcc/arm-none-eabi/7.3.1/../../../../arm-none-eabi/lib/thumb/v6-m\libc_nano.a(lib_a-nano-msizer.o)
 .debug_frame   0x00003350       0x48 d:/stm32/plugins/fr.ac6.mcu.externaltools.arm-none.win32_1.17.0.201812190825/tools/compiler/bin/../lib/gcc/arm-none-eabi/7.3.1/../../../../arm-none-eabi/lib/thumb/v6-m\libc_nano.a(lib_a-reent.o)
